2018-12-04 14:26:22.640111
--- 测试开始 --- 
****************** ./case/test_case.json ******************

------请求异常------
request_url:http://172.16.2.74:8080/signIn/getSignIn
request_method:POST
request_header:{'Authorization': 'MTc2OF90b2tlbl8xNTQzNDgxNjk1OTY2LCwsMTU0MzQ4MTY5NTk2Ng==', 'tokenStr': 'MTc2OF90b2tlbl8xNTQzMjg1MjAyMDU3LCwsMTU0MzI4NTIwMjA1Nw==', 'Content-Type': 'application/json'}
request_params:{'evId': '197363018554679296', 'fileNumber': '1111'}
response:None
error:<urlopen error [WinError 10061] 由于目标计算机积极拒绝，无法连接。>

--- 测试完成 ---
2018-12-06 11:10:23.459387
--- 测试开始 --- 
****************** ./case/getEvList.json ******************

------操作成功------
{'code': 0, 'message': '操作成功', 'obj': 'eyJwYWAAhLqZL&amHoLhddlIjogMSwgInBhZ2VTaXplIjogMjAsICJ0b3RhbENvdW50IjogMTQyNSwgInRvdGFsUGFnZSI6IDcyLCAicmVzdWx0IjogW3siYXR0ZW50aW9uRmxhZyI6IDIsICJldklkIjogIjk5NzUiLCAibmFtZSI6ICJcdTczYWZcdTc0MDNcdTRlMmRcdTVmYzNcdTU5MjlcdTU4MDJcdTZkMzJcdTk2NDVcdTU5MjdcdTk5NmRcdTVlOTciLCAiaGVhbHRoU2NvcmUiOiA4NiwgImV2T3JkZXIiOiAiUzkwNiIsICJhZGRyZXNzIjogIlx1NTZkYlx1NWRkZFx1NzcwMVx1NjIxMFx1OTBmZFx1NWUwMlx1OWFkOFx1NjViMFx1NTMzYVx1NTkyOVx1NWU5Y1x1NTkyN1x1OTA1M1x1NTMxN1x1NmJiNTE3MDBcdTUzZjcifSwgeyJhdHRlbnRpb25GbGFnIjogMiwgImV2SWQiOiAiOTk3NyIsICJuYW1lIjogIlx1NzNhZlx1NzQwM1x1NGUyZFx1NWZjM1x1NTkyOVx1NTgwMlx1NmQzMlx1OTY0NVx1NTkyN1x1OTk2ZFx1NWU5NyIsICJoZWFsdGhTY29yZSI6IDkwLCAiZXZPcmRlciI6ICJTOTA1IiwgImFkZHJlc3MiOiAiXHU1NmRiXHU1ZGRkXHU3NzAxXHU2MjEwXHU5MGZkXHU1ZTAyXHU5YWQ4XHU2NWIwXHU1MzNhXHU1OTI5XHU1ZTljXHU1OTI3XHU5MDUzXHU1MzE3XHU2YmI1MTcwMFx1NTNmNyJ9LCB7ImF0dGVudGlvbkZsYWciOiAyLCAiZXZJZCI6ICI5OTc5IiwgIm5hbWUiOiAiXHU3M2FmXHU3NDAzXHU0ZTJkXHU1ZmMzXHU1OTI5XHU1ODAyXHU2ZDMyXHU5NjQ1XHU1OTI3XHU5OTZkXHU1ZTk3IiwgImhlYWx0aFNjb3JlIjogOTAsICJldk9yZGVyIjogIlM4MDEiLCAiYWRkcmVzcyI6ICJcdTU2ZGJcdTVkZGRcdTc3MDFcdTYyMTBcdTkwZmRcdTVlMDJcdTlhZDhcdTY1YjBcdTUzM2FcdTU5MjlcdTVlOWNcdTU5MjdcdTkwNTNcdTUzMTdcdTZiYjUxNzAwXHU1M2Y3In0sIHsiYXR0ZW50aW9uRmxhZyI6IDIsICJldklkIjogIjk5ODEiLCAibmFtZSI6ICJcdTczYWZcdTc0MDNcdTRlMmRcdTVmYzNcdTU5MjlcdTU4MDJcdTZkMzJcdTk2NDVcdTU5MjdcdTk5NmRcdTVlOTciLCAiaGVhbHRoU2NvcmUiOiA4MCwgImV2T3JkZXIiOiAiUzUwMSIsICJhZGRyZXNzIjogIlx1NTZkYlx1NWRkZFx1NzcwMVx1NjIxMFx1OTBmZFx1NWUwMlx1OWFkOFx1NjViMFx1NTMzYVx1NTkyOVx1NWU5Y1x1NTkyN1x1OTA1M1x1NTMxN1x1NmJiNTE3MDBcdTUzZjcifSwgeyJhdHRlbnRpb25GbGFnIjogMiwgImV2SWQiOiAiOTk4NSIsICJuYW1lIjogIlx1NzNhZlx1NzQwM1x1NGUyZFx1NWZjM1x1NTkyOVx1NTgwMlx1NmQzMlx1OTY0NVx1NTkyN1x1OTk2ZFx1NWU5NyIsICJoZWFsdGhTY29yZSI6IDkwLCAiZXZPcmRlciI6ICJTOTAzIiwgImFkZHJlc3MiOiAiXHU1NmRiXHU1ZGRkXHU3NzAxXHU2MjEwXHU5MGZkXHU1ZTAyXHU5YWQ4XHU2NWIwXHU1MzNhXHU1OTI5XHU1ZTljXHU1OTI3XHU5MDUzXHU1MzE3XHU2YmI1MTcwMFx1NTNmNyJ9LCB7ImF0dGVudGlvbkZsYWciOiAyLCAiZXZJZCI6ICI5OTg3IiwgIm5hbWUiOiAiXHU3M2FmXHU3NDAzXHU0ZTJkXHU1ZmMzXHU1OTI5XHU1ODAyXHU2ZDMyXHU5NjQ1XHU1OTI3XHU5OTZkXHU1ZTk3IiwgImhlYWx0aFNjb3JlIjogODMsICJldk9yZGVyIjogIlM5MDIiLCAiYWRkcmVzcyI6ICJcdTU2ZGJcdTVkZGRcdTc3MDFcdTYyMTBcdTkwZmRcdTVlMDJcdTlhZDhcdTY1YjBcdTUzM2FcdTU5MjlcdTVlOWNcdTU5MjdcdTkwNTNcdTUzMTdcdTZiYjUxNzAwXHU1M2Y3In0sIHsiYXR0ZW50aW9uRmxhZyI6IDIsICJldklkIjogIjk5ODkiLCAibmFtZSI6ICJcdTczYWZcdTc0MDNcdTRlMmRcdTVmYzNcdTU5MjlcdTU4MDJcdTZkMzJcdTk2NDVcdTU5MjdcdTk5NmRcdTVlOTciLCAiaGVhbHRoU2NvcmUiOiA4NSwgImV2T3JkZXIiOiAiUzkwMSIsICJhZGRyZXNzIjogIlx1NTZkYlx1NWRkZFx1NzcwMVx1NjIxMFx1OTBmZFx1NWUwMlx1OWFkOFx1NjViMFx1NTMzYVx1NTkyOVx1NWU5Y1x1NTkyN1x1OTA1M1x1NTMxN1x1NmJiNTE3MDBcdTUzZjcifSwgeyJhdHRlbnRpb25GbGFnIjogMiwgImV2SWQiOiAiOTk5MSIsICJuYW1lIjogIlx1NzNhZlx1NzQwM1x1NGUyZFx1NWZjM1x1NTkyOVx1NTgwMlx1NmQzMlx1OTY0NVx1NTkyN1x1OTk2ZFx1NWU5NyIsICJoZWFsdGhTY29yZSI6IDg1LCAiZXZPcmRlciI6ICJQOTEzIiwgImFkZHJlc3MiOiAiXHU1NmRiXHU1ZGRkXHU3NzAxXHU2MjEwXHU5MGZkXHU1ZTAyXHU5YWQ4XHU2NWIwXHU1MzNhXHU1OTI5XHU1ZTljXHU1OTI3XHU5MDUzXHU1MzE3XHU2YmI1MTcwMFx1NTNmNyJ9LCB7ImF0dGVudGlvbkZsYWciOiAyLCAiZXZJZCI6ICI5OTkzIiwgIm5hbWUiOiAiXHU3M2FmXHU3NDAzXHU0ZTJkXHU1ZmMzXHU1OTI5XHU1ODAyXHU2ZDMyXHU5NjQ1XHU1OTI3XHU5OTZkXHU1ZTk3IiwgImhlYWx0aFNjb3JlIjogODEsICJldk9yZGVyIjogIlA4MDgiLCAiYWRkcmVzcyI6ICJcdTU2ZGJcdTVkZGRcdTc3MDFcdTYyMTBcdTkwZmRcdTVlMDJcdTlhZDhcdTY1YjBcdTUzM2FcdTU5MjlcdTVlOWNcdTU5MjdcdTkwNTNcdTUzMTdcdTZiYjUxNzAwXHU1M2Y3In0sIHsiYXR0ZW50aW9uRmxhZyI6IDIsICJldklkIjogIjk5OTUiLCAibmFtZSI6ICJcdTczYWZcdTc0MDNcdTRlMmRcdTVmYzNcdTU5MjlcdTU4MDJcdTZkMzJcdTk2NDVcdTU5MjdcdTk5NmRcdTVlOTciLCAiaGVhbHRoU2NvcmUiOiA4OCwgImV2T3JkZXIiOiAiUDUwNCIsICJhZGRyZXNzIjogIlx1NTZkYlx1NWRkZFx1NzcwMVx1NjIxMFx1OTBmZFx1NWUwMlx1OWFkOFx1NjViMFx1NTMzYVx1NTkyOVx1NWU5Y1x1NTkyN1x1OTA1M1x1NTMxN1x1NmJiNTE3MDBcdTUzZjcifSwgeyJhdHRlbnRpb25GbGFnIjogMiwgImV2SWQiOiAiOTk5NyIsICJuYW1lIjogIlx1NzNhZlx1NzQwM1x1NGUyZFx1NWZjM1x1NTkyOVx1NTgwMlx1NmQzMlx1OTY0NVx1NTkyN1x1OTk2ZFx1NWU5NyIsICJoZWFsdGhTY29yZSI6IDgxLCAiZXZPcmRlciI6ICJQOTE1IiwgImFkZHJlc3MiOiAiXHU1NmRiXHU1ZGRkXHU3NzAxXHU2MjEwXHU5MGZkXHU1ZTAyXHU5YWQ4XHU2NWIwXHU1MzNhXHU1OTI5XHU1ZTljXHU1OTI3XHU5MDUzXHU1MzE3XHU2YmI1MTcwMFx1NTNmNyJ9LCB7ImF0dGVudGlvbkZsYWciOiAyLCAiZXZJZCI6ICI5OTk5IiwgIm5hbWUiOiAiXHU3M2FmXHU3NDAzXHU0ZTJkXHU1ZmMzXHU1OTI5XHU1ODAyXHU2ZDMyXHU5NjQ1XHU1OTI3XHU5OTZkXHU1ZTk3IiwgImhlYWx0aFNjb3JlIjogODksICJldk9yZGVyIjogIlA5MTAiLCAiYWRkcmVzcyI6ICJcdTU2ZGJcdTVkZGRcdTc3MDFcdTYyMTBcdTkwZmRcdTVlMDJcdTlhZDhcdTY1YjBcdTUzM2FcdTU5MjlcdTVlOWNcdTU5MjdcdTkwNTNcdTUzMTdcdTZiYjUxNzAwXHU1M2Y3In0sIHsiYXR0ZW50aW9uRmxhZyI6IDIsICJldklkIjogIjEwMDAxIiwgIm5hbWUiOiAiXHU3M2FmXHU3NDAzXHU0ZTJkXHU1ZmMzXHU1OTI5XHU1ODAyXHU2ZDMyXHU5NjQ1XHU1OTI3XHU5OTZkXHU1ZTk3IiwgImhlYWx0aFNjb3JlIjogODIsICJldk9yZGVyIjogIlA5MDkiLCAiYWRkcmVzcyI6ICJcdTU2ZGJcdTVkZGRcdTc3MDFcdTYyMTBcdTkwZmRcdTVlMDJcdTlhZDhcdTY1YjBcdTUzM2FcdTU5MjlcdTVlOWNcdTU5MjdcdTkwNTNcdTUzMTdcdTZiYjUxNzAwXHU1M2Y3In0sIHsiYXR0ZW50aW9uRmxhZyI6IDIsICJldklkIjogIjEwMDAzIiwgIm5hbWUiOiAiXHU3M2FmXHU3NDAzXHU0ZTJkXHU1ZmMzXHU1OTI5XHU1ODAyXHU2ZDMyXHU5NjQ1XHU1OTI3XHU5OTZkXHU1ZTk3IiwgImhlYWx0aFNjb3JlIjogODAsICJldk9yZGVyIjogIlA5MDgiLCAiYWRkcmVzcyI6ICJcdTU2ZGJcdTVkZGRcdTc3MDFcdTYyMTBcdTkwZmRcdTVlMDJcdTlhZDhcdTY1YjBcdTUzM2FcdTU5MjlcdTVlOWNcdTU5MjdcdTkwNTNcdTUzMTdcdTZiYjUxNzAwXHU1M2Y3In0sIHsiYXR0ZW50aW9uRmxhZyI6IDIsICJldklkIjogIjEwMDA3IiwgIm5hbWUiOiAiXHU3M2FmXHU3NDAzXHU0ZTJkXHU1ZmMzXHU1OTI5XHU1ODAyXHU2ZDMyXHU5NjQ1XHU1OTI3XHU5OTZkXHU1ZTk3IiwgImhlYWx0aFNjb3JlIjogODUsICJldk9yZGVyIjogIkVTNDEtMDEiLCAiYWRkcmVzcyI6ICJcdTU2ZGJcdTVkZGRcdTc3MDFcdTYyMTBcdTkwZmRcdTVlMDJcdTlhZDhcdTY1YjBcdTUzM2FcdTU5MjlcdTVlOWNcdTU5MjdcdTkwNTNcdTUzMTdcdTZiYjUxNzAwXHU1M2Y3In0sIHsiYXR0ZW50aW9uRmxhZyI6IDIsICJldklkIjogIjEwMDA5IiwgIm5hbWUiOiAiXHU3M2FmXHU3NDAzXHU0ZTJkXHU1ZmMzXHU1OTI5XHU1ODAyXHU2ZDMyXHU5NjQ1XHU1OTI3XHU5OTZkXHU1ZTk3IiwgImhlYWx0aFNjb3JlIjogODAsICJldk9yZGVyIjogIkVTNDEtMDIiLCAiYWRkcmVzcyI6ICJcdTU2ZGJcdTVkZGRcdTc3MDFcdTYyMTBcdTkwZmRcdTVlMDJcdTlhZDhcdTY1YjBcdTUzM2FcdTU5MjlcdTVlOWNcdTU5MjdcdTkwNTNcdTUzMTdcdTZiYjUxNzAwXHU1M2Y3In0sIHsiYXR0ZW50aW9uRmxhZyI6IDIsICJldklkIjogIjEwMDgxIiwgIm5hbWUiOiAiXHU3M2FmXHU3NDAzXHU0ZTJkXHU1ZmMzXHU1OTI5XHU1ODAyXHU2ZDMyXHU5NjQ1XHU1OTI3XHU5OTZkXHU1ZTk3IiwgImhlYWx0aFNjb3JlIjogODUsICJldk9yZGVyIjogIlM5MDQiLCAiYWRkcmVzcyI6ICJcdTU2ZGJcdTVkZGRcdTc3MDFcdTYyMTBcdTkwZmRcdTVlMDJcdTlhZDhcdTY1YjBcdTUzM2FcdTU5MjlcdTVlOWNcdTU5MjdcdTkwNTNcdTUzMTdcdTZiYjUxNzAwXHU1M2Y3In0sIHsiYXR0ZW50aW9uRmxhZyI6IDIsICJldklkIjogIjEwMDg5IiwgIm5hbWUiOiAiXHU3M2FmXHU3NDAzXHU0ZTJkXHU1ZmMzXHU1OTI5XHU1ODAyXHU2ZDMyXHU5NjQ1XHU1OTI3XHU5OTZkXHU1ZTk3IiwgImhlYWx0aFNjb3JlIjogODMsICJldk9yZGVyIjogIlM3MDUiLCAiYWRkcmVzcyI6ICJcdTU2ZGJcdTVkZGRcdTc3MDFcdTYyMTBcdTkwZmRcdTVlMDJcdTlhZDhcdTY1YjBcdTUzM2FcdTU5MjlcdTVlOWNcdTU5MjdcdTkwNTNcdTUzMTdcdTZiYjUxNzAwXHU1M2Y3In0sIHsiYXR0ZW50aW9uRmxhZyI6IDIsICJldklkIjogIjEwMDkxIiwgIm5hbWUiOiAiXHU3M2FmXHU3NDAzXHU0ZTJkXHU1ZmMzXHU1OTI5XHU1ODAyXHU2ZDMyXHU5NjQ1XHU1OTI3XHU5OTZkXHU1ZTk3IiwgImhlYWx0aFNjb3JlIjogODcsICJldk9yZGVyIjogIlM2MDEiLCAiYWRkcmVzcyI6ICJcdTU2ZGJcdTVkZGRcdTc3MDFcdTYyMTBcdTkwZmRcdTVlMDJcdTlhZDhcdTY1YjBcdTUzM2FcdTU5MjlcdTVlOWNcdTU5MjdcdTkwNTNcdTUzMTdcdTZiYjUxNzAwXHU1M2Y3In0sIHsiYXR0ZW50aW9uRmxhZyI6IDIsICJldklkIjogIjEwMDkzIiwgIm5hbWUiOiAiXHU3M2FmXHU3NDAzXHU0ZTJkXHU1ZmMzXHU1OTI5XHU1ODAyXHU2ZDMyXHU5NjQ1XHU1OTI3XHU5OTZkXHU1ZTk3IiwgImhlYWx0aFNjb3JlIjogODYsICJldk9yZGVyIjogIlM2MDIiLCAiYWRkcmVzcyI6ICJcdTU2ZGJcdTVkZGRcdTc3MDFcdTYyMTBcdTkwZmRcdTVlMDJcdTlhZDhcdTY1YjBcdTUzM2FcdTU5MjlcdTVlOWNcdTU5MjdcdTkwNTNcdTUzMTdcdTZiYjUxNzAwXHU1M2Y3In1dfQ==', 'tokenStr': 'MTc2OF90b2tlbl8xNTQ0MDY0Mzc5MDI0LCwsMTU0NDA2NDM3OTAyNA=='}

--- 测试完成 ---
2018-12-06 11:17:30.522814
--- 测试开始 --- 
****************** ./case/getEvList.json ******************

2018-12-06 11:18:12.979242
--- 测试开始 --- 
****************** ./case/getEvList.json ******************

2018-12-06 11:18:48.833293
--- 测试开始 --- 
****************** ./case/getEvList.json ******************

2018-12-06 11:19:38.085110
--- 测试开始 --- 
****************** ./case/getEvList.json ******************

2018-12-06 11:20:40.790697
--- 测试开始 --- 
****************** ./case/getEvList.json ******************

2018-12-06 11:21:58.512142
--- 测试开始 --- 
****************** ./case/getEvList.json ******************

------操作成功------
{'code': 0, 'message': '操作成功', 'obj': 'eyJwYWAAhLqZL&amHoLhddlIjogMSwgInBhZ2VTaXplIjogMjAsICJ0b3RhbENvdW50IjogMTQyNSwgInRvdGFsUGFnZSI6IDcyLCAicmVzdWx0IjogW3siYXR0ZW50aW9uRmxhZyI6IDIsICJldklkIjogIjk5NzUiLCAibmFtZSI6ICJcdTczYWZcdTc0MDNcdTRlMmRcdTVmYzNcdTU5MjlcdTU4MDJcdTZkMzJcdTk2NDVcdTU5MjdcdTk5NmRcdTVlOTciLCAiaGVhbHRoU2NvcmUiOiA4NiwgImV2T3JkZXIiOiAiUzkwNiIsICJhZGRyZXNzIjogIlx1NTZkYlx1NWRkZFx1NzcwMVx1NjIxMFx1OTBmZFx1NWUwMlx1OWFkOFx1NjViMFx1NTMzYVx1NTkyOVx1NWU5Y1x1NTkyN1x1OTA1M1x1NTMxN1x1NmJiNTE3MDBcdTUzZjcifSwgeyJhdHRlbnRpb25GbGFnIjogMiwgImV2SWQiOiAiOTk3NyIsICJuYW1lIjogIlx1NzNhZlx1NzQwM1x1NGUyZFx1NWZjM1x1NTkyOVx1NTgwMlx1NmQzMlx1OTY0NVx1NTkyN1x1OTk2ZFx1NWU5NyIsICJoZWFsdGhTY29yZSI6IDkwLCAiZXZPcmRlciI6ICJTOTA1IiwgImFkZHJlc3MiOiAiXHU1NmRiXHU1ZGRkXHU3NzAxXHU2MjEwXHU5MGZkXHU1ZTAyXHU5YWQ4XHU2NWIwXHU1MzNhXHU1OTI5XHU1ZTljXHU1OTI3XHU5MDUzXHU1MzE3XHU2YmI1MTcwMFx1NTNmNyJ9LCB7ImF0dGVudGlvbkZsYWciOiAyLCAiZXZJZCI6ICI5OTc5IiwgIm5hbWUiOiAiXHU3M2FmXHU3NDAzXHU0ZTJkXHU1ZmMzXHU1OTI5XHU1ODAyXHU2ZDMyXHU5NjQ1XHU1OTI3XHU5OTZkXHU1ZTk3IiwgImhlYWx0aFNjb3JlIjogOTAsICJldk9yZGVyIjogIlM4MDEiLCAiYWRkcmVzcyI6ICJcdTU2ZGJcdTVkZGRcdTc3MDFcdTYyMTBcdTkwZmRcdTVlMDJcdTlhZDhcdTY1YjBcdTUzM2FcdTU5MjlcdTVlOWNcdTU5MjdcdTkwNTNcdTUzMTdcdTZiYjUxNzAwXHU1M2Y3In0sIHsiYXR0ZW50aW9uRmxhZyI6IDIsICJldklkIjogIjk5ODEiLCAibmFtZSI6ICJcdTczYWZcdTc0MDNcdTRlMmRcdTVmYzNcdTU5MjlcdTU4MDJcdTZkMzJcdTk2NDVcdTU5MjdcdTk5NmRcdTVlOTciLCAiaGVhbHRoU2NvcmUiOiA4MCwgImV2T3JkZXIiOiAiUzUwMSIsICJhZGRyZXNzIjogIlx1NTZkYlx1NWRkZFx1NzcwMVx1NjIxMFx1OTBmZFx1NWUwMlx1OWFkOFx1NjViMFx1NTMzYVx1NTkyOVx1NWU5Y1x1NTkyN1x1OTA1M1x1NTMxN1x1NmJiNTE3MDBcdTUzZjcifSwgeyJhdHRlbnRpb25GbGFnIjogMiwgImV2SWQiOiAiOTk4NSIsICJuYW1lIjogIlx1NzNhZlx1NzQwM1x1NGUyZFx1NWZjM1x1NTkyOVx1NTgwMlx1NmQzMlx1OTY0NVx1NTkyN1x1OTk2ZFx1NWU5NyIsICJoZWFsdGhTY29yZSI6IDkwLCAiZXZPcmRlciI6ICJTOTAzIiwgImFkZHJlc3MiOiAiXHU1NmRiXHU1ZGRkXHU3NzAxXHU2MjEwXHU5MGZkXHU1ZTAyXHU5YWQ4XHU2NWIwXHU1MzNhXHU1OTI5XHU1ZTljXHU1OTI3XHU5MDUzXHU1MzE3XHU2YmI1MTcwMFx1NTNmNyJ9LCB7ImF0dGVudGlvbkZsYWciOiAyLCAiZXZJZCI6ICI5OTg3IiwgIm5hbWUiOiAiXHU3M2FmXHU3NDAzXHU0ZTJkXHU1ZmMzXHU1OTI5XHU1ODAyXHU2ZDMyXHU5NjQ1XHU1OTI3XHU5OTZkXHU1ZTk3IiwgImhlYWx0aFNjb3JlIjogODMsICJldk9yZGVyIjogIlM5MDIiLCAiYWRkcmVzcyI6ICJcdTU2ZGJcdTVkZGRcdTc3MDFcdTYyMTBcdTkwZmRcdTVlMDJcdTlhZDhcdTY1YjBcdTUzM2FcdTU5MjlcdTVlOWNcdTU5MjdcdTkwNTNcdTUzMTdcdTZiYjUxNzAwXHU1M2Y3In0sIHsiYXR0ZW50aW9uRmxhZyI6IDIsICJldklkIjogIjk5ODkiLCAibmFtZSI6ICJcdTczYWZcdTc0MDNcdTRlMmRcdTVmYzNcdTU5MjlcdTU4MDJcdTZkMzJcdTk2NDVcdTU5MjdcdTk5NmRcdTVlOTciLCAiaGVhbHRoU2NvcmUiOiA4NSwgImV2T3JkZXIiOiAiUzkwMSIsICJhZGRyZXNzIjogIlx1NTZkYlx1NWRkZFx1NzcwMVx1NjIxMFx1OTBmZFx1NWUwMlx1OWFkOFx1NjViMFx1NTMzYVx1NTkyOVx1NWU5Y1x1NTkyN1x1OTA1M1x1NTMxN1x1NmJiNTE3MDBcdTUzZjcifSwgeyJhdHRlbnRpb25GbGFnIjogMiwgImV2SWQiOiAiOTk5MSIsICJuYW1lIjogIlx1NzNhZlx1NzQwM1x1NGUyZFx1NWZjM1x1NTkyOVx1NTgwMlx1NmQzMlx1OTY0NVx1NTkyN1x1OTk2ZFx1NWU5NyIsICJoZWFsdGhTY29yZSI6IDg1LCAiZXZPcmRlciI6ICJQOTEzIiwgImFkZHJlc3MiOiAiXHU1NmRiXHU1ZGRkXHU3NzAxXHU2MjEwXHU5MGZkXHU1ZTAyXHU5YWQ4XHU2NWIwXHU1MzNhXHU1OTI5XHU1ZTljXHU1OTI3XHU5MDUzXHU1MzE3XHU2YmI1MTcwMFx1NTNmNyJ9LCB7ImF0dGVudGlvbkZsYWciOiAyLCAiZXZJZCI6ICI5OTkzIiwgIm5hbWUiOiAiXHU3M2FmXHU3NDAzXHU0ZTJkXHU1ZmMzXHU1OTI5XHU1ODAyXHU2ZDMyXHU5NjQ1XHU1OTI3XHU5OTZkXHU1ZTk3IiwgImhlYWx0aFNjb3JlIjogODEsICJldk9yZGVyIjogIlA4MDgiLCAiYWRkcmVzcyI6ICJcdTU2ZGJcdTVkZGRcdTc3MDFcdTYyMTBcdTkwZmRcdTVlMDJcdTlhZDhcdTY1YjBcdTUzM2FcdTU5MjlcdTVlOWNcdTU5MjdcdTkwNTNcdTUzMTdcdTZiYjUxNzAwXHU1M2Y3In0sIHsiYXR0ZW50aW9uRmxhZyI6IDIsICJldklkIjogIjk5OTUiLCAibmFtZSI6ICJcdTczYWZcdTc0MDNcdTRlMmRcdTVmYzNcdTU5MjlcdTU4MDJcdTZkMzJcdTk2NDVcdTU5MjdcdTk5NmRcdTVlOTciLCAiaGVhbHRoU2NvcmUiOiA4OCwgImV2T3JkZXIiOiAiUDUwNCIsICJhZGRyZXNzIjogIlx1NTZkYlx1NWRkZFx1NzcwMVx1NjIxMFx1OTBmZFx1NWUwMlx1OWFkOFx1NjViMFx1NTMzYVx1NTkyOVx1NWU5Y1x1NTkyN1x1OTA1M1x1NTMxN1x1NmJiNTE3MDBcdTUzZjcifSwgeyJhdHRlbnRpb25GbGFnIjogMiwgImV2SWQiOiAiOTk5NyIsICJuYW1lIjogIlx1NzNhZlx1NzQwM1x1NGUyZFx1NWZjM1x1NTkyOVx1NTgwMlx1NmQzMlx1OTY0NVx1NTkyN1x1OTk2ZFx1NWU5NyIsICJoZWFsdGhTY29yZSI6IDgxLCAiZXZPcmRlciI6ICJQOTE1IiwgImFkZHJlc3MiOiAiXHU1NmRiXHU1ZGRkXHU3NzAxXHU2MjEwXHU5MGZkXHU1ZTAyXHU5YWQ4XHU2NWIwXHU1MzNhXHU1OTI5XHU1ZTljXHU1OTI3XHU5MDUzXHU1MzE3XHU2YmI1MTcwMFx1NTNmNyJ9LCB7ImF0dGVudGlvbkZsYWciOiAyLCAiZXZJZCI6ICI5OTk5IiwgIm5hbWUiOiAiXHU3M2FmXHU3NDAzXHU0ZTJkXHU1ZmMzXHU1OTI5XHU1ODAyXHU2ZDMyXHU5NjQ1XHU1OTI3XHU5OTZkXHU1ZTk3IiwgImhlYWx0aFNjb3JlIjogODksICJldk9yZGVyIjogIlA5MTAiLCAiYWRkcmVzcyI6ICJcdTU2ZGJcdTVkZGRcdTc3MDFcdTYyMTBcdTkwZmRcdTVlMDJcdTlhZDhcdTY1YjBcdTUzM2FcdTU5MjlcdTVlOWNcdTU5MjdcdTkwNTNcdTUzMTdcdTZiYjUxNzAwXHU1M2Y3In0sIHsiYXR0ZW50aW9uRmxhZyI6IDIsICJldklkIjogIjEwMDAxIiwgIm5hbWUiOiAiXHU3M2FmXHU3NDAzXHU0ZTJkXHU1ZmMzXHU1OTI5XHU1ODAyXHU2ZDMyXHU5NjQ1XHU1OTI3XHU5OTZkXHU1ZTk3IiwgImhlYWx0aFNjb3JlIjogODIsICJldk9yZGVyIjogIlA5MDkiLCAiYWRkcmVzcyI6ICJcdTU2ZGJcdTVkZGRcdTc3MDFcdTYyMTBcdTkwZmRcdTVlMDJcdTlhZDhcdTY1YjBcdTUzM2FcdTU5MjlcdTVlOWNcdTU5MjdcdTkwNTNcdTUzMTdcdTZiYjUxNzAwXHU1M2Y3In0sIHsiYXR0ZW50aW9uRmxhZyI6IDIsICJldklkIjogIjEwMDAzIiwgIm5hbWUiOiAiXHU3M2FmXHU3NDAzXHU0ZTJkXHU1ZmMzXHU1OTI5XHU1ODAyXHU2ZDMyXHU5NjQ1XHU1OTI3XHU5OTZkXHU1ZTk3IiwgImhlYWx0aFNjb3JlIjogODAsICJldk9yZGVyIjogIlA5MDgiLCAiYWRkcmVzcyI6ICJcdTU2ZGJcdTVkZGRcdTc3MDFcdTYyMTBcdTkwZmRcdTVlMDJcdTlhZDhcdTY1YjBcdTUzM2FcdTU5MjlcdTVlOWNcdTU5MjdcdTkwNTNcdTUzMTdcdTZiYjUxNzAwXHU1M2Y3In0sIHsiYXR0ZW50aW9uRmxhZyI6IDIsICJldklkIjogIjEwMDA3IiwgIm5hbWUiOiAiXHU3M2FmXHU3NDAzXHU0ZTJkXHU1ZmMzXHU1OTI5XHU1ODAyXHU2ZDMyXHU5NjQ1XHU1OTI3XHU5OTZkXHU1ZTk3IiwgImhlYWx0aFNjb3JlIjogODUsICJldk9yZGVyIjogIkVTNDEtMDEiLCAiYWRkcmVzcyI6ICJcdTU2ZGJcdTVkZGRcdTc3MDFcdTYyMTBcdTkwZmRcdTVlMDJcdTlhZDhcdTY1YjBcdTUzM2FcdTU5MjlcdTVlOWNcdTU5MjdcdTkwNTNcdTUzMTdcdTZiYjUxNzAwXHU1M2Y3In0sIHsiYXR0ZW50aW9uRmxhZyI6IDIsICJldklkIjogIjEwMDA5IiwgIm5hbWUiOiAiXHU3M2FmXHU3NDAzXHU0ZTJkXHU1ZmMzXHU1OTI5XHU1ODAyXHU2ZDMyXHU5NjQ1XHU1OTI3XHU5OTZkXHU1ZTk3IiwgImhlYWx0aFNjb3JlIjogODAsICJldk9yZGVyIjogIkVTNDEtMDIiLCAiYWRkcmVzcyI6ICJcdTU2ZGJcdTVkZGRcdTc3MDFcdTYyMTBcdTkwZmRcdTVlMDJcdTlhZDhcdTY1YjBcdTUzM2FcdTU5MjlcdTVlOWNcdTU5MjdcdTkwNTNcdTUzMTdcdTZiYjUxNzAwXHU1M2Y3In0sIHsiYXR0ZW50aW9uRmxhZyI6IDIsICJldklkIjogIjEwMDgxIiwgIm5hbWUiOiAiXHU3M2FmXHU3NDAzXHU0ZTJkXHU1ZmMzXHU1OTI5XHU1ODAyXHU2ZDMyXHU5NjQ1XHU1OTI3XHU5OTZkXHU1ZTk3IiwgImhlYWx0aFNjb3JlIjogODUsICJldk9yZGVyIjogIlM5MDQiLCAiYWRkcmVzcyI6ICJcdTU2ZGJcdTVkZGRcdTc3MDFcdTYyMTBcdTkwZmRcdTVlMDJcdTlhZDhcdTY1YjBcdTUzM2FcdTU5MjlcdTVlOWNcdTU5MjdcdTkwNTNcdTUzMTdcdTZiYjUxNzAwXHU1M2Y3In0sIHsiYXR0ZW50aW9uRmxhZyI6IDIsICJldklkIjogIjEwMDg5IiwgIm5hbWUiOiAiXHU3M2FmXHU3NDAzXHU0ZTJkXHU1ZmMzXHU1OTI5XHU1ODAyXHU2ZDMyXHU5NjQ1XHU1OTI3XHU5OTZkXHU1ZTk3IiwgImhlYWx0aFNjb3JlIjogODMsICJldk9yZGVyIjogIlM3MDUiLCAiYWRkcmVzcyI6ICJcdTU2ZGJcdTVkZGRcdTc3MDFcdTYyMTBcdTkwZmRcdTVlMDJcdTlhZDhcdTY1YjBcdTUzM2FcdTU5MjlcdTVlOWNcdTU5MjdcdTkwNTNcdTUzMTdcdTZiYjUxNzAwXHU1M2Y3In0sIHsiYXR0ZW50aW9uRmxhZyI6IDIsICJldklkIjogIjEwMDkxIiwgIm5hbWUiOiAiXHU3M2FmXHU3NDAzXHU0ZTJkXHU1ZmMzXHU1OTI5XHU1ODAyXHU2ZDMyXHU5NjQ1XHU1OTI3XHU5OTZkXHU1ZTk3IiwgImhlYWx0aFNjb3JlIjogODcsICJldk9yZGVyIjogIlM2MDEiLCAiYWRkcmVzcyI6ICJcdTU2ZGJcdTVkZGRcdTc3MDFcdTYyMTBcdTkwZmRcdTVlMDJcdTlhZDhcdTY1YjBcdTUzM2FcdTU5MjlcdTVlOWNcdTU5MjdcdTkwNTNcdTUzMTdcdTZiYjUxNzAwXHU1M2Y3In0sIHsiYXR0ZW50aW9uRmxhZyI6IDIsICJldklkIjogIjEwMDkzIiwgIm5hbWUiOiAiXHU3M2FmXHU3NDAzXHU0ZTJkXHU1ZmMzXHU1OTI5XHU1ODAyXHU2ZDMyXHU5NjQ1XHU1OTI3XHU5OTZkXHU1ZTk3IiwgImhlYWx0aFNjb3JlIjogODYsICJldk9yZGVyIjogIlM2MDIiLCAiYWRkcmVzcyI6ICJcdTU2ZGJcdTVkZGRcdTc3MDFcdTYyMTBcdTkwZmRcdTVlMDJcdTlhZDhcdTY1YjBcdTUzM2FcdTU5MjlcdTVlOWNcdTU5MjdcdTkwNTNcdTUzMTdcdTZiYjUxNzAwXHU1M2Y3In1dfQ==', 'tokenStr': 'MTc2OF90b2tlbl8xNTQ0MDY0Mzc5MDI0LCwsMTU0NDA2NDM3OTAyNA=='}
------操作成功------
{'code': 0, 'message': '操作成功', 'obj': 'eyJwYWAAhLqZL&amHoLhddlIjogMSwgInBhZ2VTaXplIjogMjAsICJ0b3RhbENvdW50IjogMTQyNSwgInRvdGFsUGFnZSI6IDcyLCAicmVzdWx0IjogW3siYXR0ZW50aW9uRmxhZyI6IDIsICJldklkIjogIjk5NzUiLCAibmFtZSI6ICJcdTczYWZcdTc0MDNcdTRlMmRcdTVmYzNcdTU5MjlcdTU4MDJcdTZkMzJcdTk2NDVcdTU5MjdcdTk5NmRcdTVlOTciLCAiaGVhbHRoU2NvcmUiOiA4NiwgImV2T3JkZXIiOiAiUzkwNiIsICJhZGRyZXNzIjogIlx1NTZkYlx1NWRkZFx1NzcwMVx1NjIxMFx1OTBmZFx1NWUwMlx1OWFkOFx1NjViMFx1NTMzYVx1NTkyOVx1NWU5Y1x1NTkyN1x1OTA1M1x1NTMxN1x1NmJiNTE3MDBcdTUzZjcifSwgeyJhdHRlbnRpb25GbGFnIjogMiwgImV2SWQiOiAiOTk3NyIsICJuYW1lIjogIlx1NzNhZlx1NzQwM1x1NGUyZFx1NWZjM1x1NTkyOVx1NTgwMlx1NmQzMlx1OTY0NVx1NTkyN1x1OTk2ZFx1NWU5NyIsICJoZWFsdGhTY29yZSI6IDkwLCAiZXZPcmRlciI6ICJTOTA1IiwgImFkZHJlc3MiOiAiXHU1NmRiXHU1ZGRkXHU3NzAxXHU2MjEwXHU5MGZkXHU1ZTAyXHU5YWQ4XHU2NWIwXHU1MzNhXHU1OTI5XHU1ZTljXHU1OTI3XHU5MDUzXHU1MzE3XHU2YmI1MTcwMFx1NTNmNyJ9LCB7ImF0dGVudGlvbkZsYWciOiAyLCAiZXZJZCI6ICI5OTc5IiwgIm5hbWUiOiAiXHU3M2FmXHU3NDAzXHU0ZTJkXHU1ZmMzXHU1OTI5XHU1ODAyXHU2ZDMyXHU5NjQ1XHU1OTI3XHU5OTZkXHU1ZTk3IiwgImhlYWx0aFNjb3JlIjogOTAsICJldk9yZGVyIjogIlM4MDEiLCAiYWRkcmVzcyI6ICJcdTU2ZGJcdTVkZGRcdTc3MDFcdTYyMTBcdTkwZmRcdTVlMDJcdTlhZDhcdTY1YjBcdTUzM2FcdTU5MjlcdTVlOWNcdTU5MjdcdTkwNTNcdTUzMTdcdTZiYjUxNzAwXHU1M2Y3In0sIHsiYXR0ZW50aW9uRmxhZyI6IDIsICJldklkIjogIjk5ODEiLCAibmFtZSI6ICJcdTczYWZcdTc0MDNcdTRlMmRcdTVmYzNcdTU5MjlcdTU4MDJcdTZkMzJcdTk2NDVcdTU5MjdcdTk5NmRcdTVlOTciLCAiaGVhbHRoU2NvcmUiOiA4MCwgImV2T3JkZXIiOiAiUzUwMSIsICJhZGRyZXNzIjogIlx1NTZkYlx1NWRkZFx1NzcwMVx1NjIxMFx1OTBmZFx1NWUwMlx1OWFkOFx1NjViMFx1NTMzYVx1NTkyOVx1NWU5Y1x1NTkyN1x1OTA1M1x1NTMxN1x1NmJiNTE3MDBcdTUzZjcifSwgeyJhdHRlbnRpb25GbGFnIjogMiwgImV2SWQiOiAiOTk4NSIsICJuYW1lIjogIlx1NzNhZlx1NzQwM1x1NGUyZFx1NWZjM1x1NTkyOVx1NTgwMlx1NmQzMlx1OTY0NVx1NTkyN1x1OTk2ZFx1NWU5NyIsICJoZWFsdGhTY29yZSI6IDkwLCAiZXZPcmRlciI6ICJTOTAzIiwgImFkZHJlc3MiOiAiXHU1NmRiXHU1ZGRkXHU3NzAxXHU2MjEwXHU5MGZkXHU1ZTAyXHU5YWQ4XHU2NWIwXHU1MzNhXHU1OTI5XHU1ZTljXHU1OTI3XHU5MDUzXHU1MzE3XHU2YmI1MTcwMFx1NTNmNyJ9LCB7ImF0dGVudGlvbkZsYWciOiAyLCAiZXZJZCI6ICI5OTg3IiwgIm5hbWUiOiAiXHU3M2FmXHU3NDAzXHU0ZTJkXHU1ZmMzXHU1OTI5XHU1ODAyXHU2ZDMyXHU5NjQ1XHU1OTI3XHU5OTZkXHU1ZTk3IiwgImhlYWx0aFNjb3JlIjogODMsICJldk9yZGVyIjogIlM5MDIiLCAiYWRkcmVzcyI6ICJcdTU2ZGJcdTVkZGRcdTc3MDFcdTYyMTBcdTkwZmRcdTVlMDJcdTlhZDhcdTY1YjBcdTUzM2FcdTU5MjlcdTVlOWNcdTU5MjdcdTkwNTNcdTUzMTdcdTZiYjUxNzAwXHU1M2Y3In0sIHsiYXR0ZW50aW9uRmxhZyI6IDIsICJldklkIjogIjk5ODkiLCAibmFtZSI6ICJcdTczYWZcdTc0MDNcdTRlMmRcdTVmYzNcdTU5MjlcdTU4MDJcdTZkMzJcdTk2NDVcdTU5MjdcdTk5NmRcdTVlOTciLCAiaGVhbHRoU2NvcmUiOiA4NSwgImV2T3JkZXIiOiAiUzkwMSIsICJhZGRyZXNzIjogIlx1NTZkYlx1NWRkZFx1NzcwMVx1NjIxMFx1OTBmZFx1NWUwMlx1OWFkOFx1NjViMFx1NTMzYVx1NTkyOVx1NWU5Y1x1NTkyN1x1OTA1M1x1NTMxN1x1NmJiNTE3MDBcdTUzZjcifSwgeyJhdHRlbnRpb25GbGFnIjogMiwgImV2SWQiOiAiOTk5MSIsICJuYW1lIjogIlx1NzNhZlx1NzQwM1x1NGUyZFx1NWZjM1x1NTkyOVx1NTgwMlx1NmQzMlx1OTY0NVx1NTkyN1x1OTk2ZFx1NWU5NyIsICJoZWFsdGhTY29yZSI6IDg1LCAiZXZPcmRlciI6ICJQOTEzIiwgImFkZHJlc3MiOiAiXHU1NmRiXHU1ZGRkXHU3NzAxXHU2MjEwXHU5MGZkXHU1ZTAyXHU5YWQ4XHU2NWIwXHU1MzNhXHU1OTI5XHU1ZTljXHU1OTI3XHU5MDUzXHU1MzE3XHU2YmI1MTcwMFx1NTNmNyJ9LCB7ImF0dGVudGlvbkZsYWciOiAyLCAiZXZJZCI6ICI5OTkzIiwgIm5hbWUiOiAiXHU3M2FmXHU3NDAzXHU0ZTJkXHU1ZmMzXHU1OTI5XHU1ODAyXHU2ZDMyXHU5NjQ1XHU1OTI3XHU5OTZkXHU1ZTk3IiwgImhlYWx0aFNjb3JlIjogODEsICJldk9yZGVyIjogIlA4MDgiLCAiYWRkcmVzcyI6ICJcdTU2ZGJcdTVkZGRcdTc3MDFcdTYyMTBcdTkwZmRcdTVlMDJcdTlhZDhcdTY1YjBcdTUzM2FcdTU5MjlcdTVlOWNcdTU5MjdcdTkwNTNcdTUzMTdcdTZiYjUxNzAwXHU1M2Y3In0sIHsiYXR0ZW50aW9uRmxhZyI6IDIsICJldklkIjogIjk5OTUiLCAibmFtZSI6ICJcdTczYWZcdTc0MDNcdTRlMmRcdTVmYzNcdTU5MjlcdTU4MDJcdTZkMzJcdTk2NDVcdTU5MjdcdTk5NmRcdTVlOTciLCAiaGVhbHRoU2NvcmUiOiA4OCwgImV2T3JkZXIiOiAiUDUwNCIsICJhZGRyZXNzIjogIlx1NTZkYlx1NWRkZFx1NzcwMVx1NjIxMFx1OTBmZFx1NWUwMlx1OWFkOFx1NjViMFx1NTMzYVx1NTkyOVx1NWU5Y1x1NTkyN1x1OTA1M1x1NTMxN1x1NmJiNTE3MDBcdTUzZjcifSwgeyJhdHRlbnRpb25GbGFnIjogMiwgImV2SWQiOiAiOTk5NyIsICJuYW1lIjogIlx1NzNhZlx1NzQwM1x1NGUyZFx1NWZjM1x1NTkyOVx1NTgwMlx1NmQzMlx1OTY0NVx1NTkyN1x1OTk2ZFx1NWU5NyIsICJoZWFsdGhTY29yZSI6IDgxLCAiZXZPcmRlciI6ICJQOTE1IiwgImFkZHJlc3MiOiAiXHU1NmRiXHU1ZGRkXHU3NzAxXHU2MjEwXHU5MGZkXHU1ZTAyXHU5YWQ4XHU2NWIwXHU1MzNhXHU1OTI5XHU1ZTljXHU1OTI3XHU5MDUzXHU1MzE3XHU2YmI1MTcwMFx1NTNmNyJ9LCB7ImF0dGVudGlvbkZsYWciOiAyLCAiZXZJZCI6ICI5OTk5IiwgIm5hbWUiOiAiXHU3M2FmXHU3NDAzXHU0ZTJkXHU1ZmMzXHU1OTI5XHU1ODAyXHU2ZDMyXHU5NjQ1XHU1OTI3XHU5OTZkXHU1ZTk3IiwgImhlYWx0aFNjb3JlIjogODksICJldk9yZGVyIjogIlA5MTAiLCAiYWRkcmVzcyI6ICJcdTU2ZGJcdTVkZGRcdTc3MDFcdTYyMTBcdTkwZmRcdTVlMDJcdTlhZDhcdTY1YjBcdTUzM2FcdTU5MjlcdTVlOWNcdTU5MjdcdTkwNTNcdTUzMTdcdTZiYjUxNzAwXHU1M2Y3In0sIHsiYXR0ZW50aW9uRmxhZyI6IDIsICJldklkIjogIjEwMDAxIiwgIm5hbWUiOiAiXHU3M2FmXHU3NDAzXHU0ZTJkXHU1ZmMzXHU1OTI5XHU1ODAyXHU2ZDMyXHU5NjQ1XHU1OTI3XHU5OTZkXHU1ZTk3IiwgImhlYWx0aFNjb3JlIjogODIsICJldk9yZGVyIjogIlA5MDkiLCAiYWRkcmVzcyI6ICJcdTU2ZGJcdTVkZGRcdTc3MDFcdTYyMTBcdTkwZmRcdTVlMDJcdTlhZDhcdTY1YjBcdTUzM2FcdTU5MjlcdTVlOWNcdTU5MjdcdTkwNTNcdTUzMTdcdTZiYjUxNzAwXHU1M2Y3In0sIHsiYXR0ZW50aW9uRmxhZyI6IDIsICJldklkIjogIjEwMDAzIiwgIm5hbWUiOiAiXHU3M2FmXHU3NDAzXHU0ZTJkXHU1ZmMzXHU1OTI5XHU1ODAyXHU2ZDMyXHU5NjQ1XHU1OTI3XHU5OTZkXHU1ZTk3IiwgImhlYWx0aFNjb3JlIjogODAsICJldk9yZGVyIjogIlA5MDgiLCAiYWRkcmVzcyI6ICJcdTU2ZGJcdTVkZGRcdTc3MDFcdTYyMTBcdTkwZmRcdTVlMDJcdTlhZDhcdTY1YjBcdTUzM2FcdTU5MjlcdTVlOWNcdTU5MjdcdTkwNTNcdTUzMTdcdTZiYjUxNzAwXHU1M2Y3In0sIHsiYXR0ZW50aW9uRmxhZyI6IDIsICJldklkIjogIjEwMDA3IiwgIm5hbWUiOiAiXHU3M2FmXHU3NDAzXHU0ZTJkXHU1ZmMzXHU1OTI5XHU1ODAyXHU2ZDMyXHU5NjQ1XHU1OTI3XHU5OTZkXHU1ZTk3IiwgImhlYWx0aFNjb3JlIjogODUsICJldk9yZGVyIjogIkVTNDEtMDEiLCAiYWRkcmVzcyI6ICJcdTU2ZGJcdTVkZGRcdTc3MDFcdTYyMTBcdTkwZmRcdTVlMDJcdTlhZDhcdTY1YjBcdTUzM2FcdTU5MjlcdTVlOWNcdTU5MjdcdTkwNTNcdTUzMTdcdTZiYjUxNzAwXHU1M2Y3In0sIHsiYXR0ZW50aW9uRmxhZyI6IDIsICJldklkIjogIjEwMDA5IiwgIm5hbWUiOiAiXHU3M2FmXHU3NDAzXHU0ZTJkXHU1ZmMzXHU1OTI5XHU1ODAyXHU2ZDMyXHU5NjQ1XHU1OTI3XHU5OTZkXHU1ZTk3IiwgImhlYWx0aFNjb3JlIjogODAsICJldk9yZGVyIjogIkVTNDEtMDIiLCAiYWRkcmVzcyI6ICJcdTU2ZGJcdTVkZGRcdTc3MDFcdTYyMTBcdTkwZmRcdTVlMDJcdTlhZDhcdTY1YjBcdTUzM2FcdTU5MjlcdTVlOWNcdTU5MjdcdTkwNTNcdTUzMTdcdTZiYjUxNzAwXHU1M2Y3In0sIHsiYXR0ZW50aW9uRmxhZyI6IDIsICJldklkIjogIjEwMDgxIiwgIm5hbWUiOiAiXHU3M2FmXHU3NDAzXHU0ZTJkXHU1ZmMzXHU1OTI5XHU1ODAyXHU2ZDMyXHU5NjQ1XHU1OTI3XHU5OTZkXHU1ZTk3IiwgImhlYWx0aFNjb3JlIjogODUsICJldk9yZGVyIjogIlM5MDQiLCAiYWRkcmVzcyI6ICJcdTU2ZGJcdTVkZGRcdTc3MDFcdTYyMTBcdTkwZmRcdTVlMDJcdTlhZDhcdTY1YjBcdTUzM2FcdTU5MjlcdTVlOWNcdTU5MjdcdTkwNTNcdTUzMTdcdTZiYjUxNzAwXHU1M2Y3In0sIHsiYXR0ZW50aW9uRmxhZyI6IDIsICJldklkIjogIjEwMDg5IiwgIm5hbWUiOiAiXHU3M2FmXHU3NDAzXHU0ZTJkXHU1ZmMzXHU1OTI5XHU1ODAyXHU2ZDMyXHU5NjQ1XHU1OTI3XHU5OTZkXHU1ZTk3IiwgImhlYWx0aFNjb3JlIjogODMsICJldk9yZGVyIjogIlM3MDUiLCAiYWRkcmVzcyI6ICJcdTU2ZGJcdTVkZGRcdTc3MDFcdTYyMTBcdTkwZmRcdTVlMDJcdTlhZDhcdTY1YjBcdTUzM2FcdTU5MjlcdTVlOWNcdTU5MjdcdTkwNTNcdTUzMTdcdTZiYjUxNzAwXHU1M2Y3In0sIHsiYXR0ZW50aW9uRmxhZyI6IDIsICJldklkIjogIjEwMDkxIiwgIm5hbWUiOiAiXHU3M2FmXHU3NDAzXHU0ZTJkXHU1ZmMzXHU1OTI5XHU1ODAyXHU2ZDMyXHU5NjQ1XHU1OTI3XHU5OTZkXHU1ZTk3IiwgImhlYWx0aFNjb3JlIjogODcsICJldk9yZGVyIjogIlM2MDEiLCAiYWRkcmVzcyI6ICJcdTU2ZGJcdTVkZGRcdTc3MDFcdTYyMTBcdTkwZmRcdTVlMDJcdTlhZDhcdTY1YjBcdTUzM2FcdTU5MjlcdTVlOWNcdTU5MjdcdTkwNTNcdTUzMTdcdTZiYjUxNzAwXHU1M2Y3In0sIHsiYXR0ZW50aW9uRmxhZyI6IDIsICJldklkIjogIjEwMDkzIiwgIm5hbWUiOiAiXHU3M2FmXHU3NDAzXHU0ZTJkXHU1ZmMzXHU1OTI5XHU1ODAyXHU2ZDMyXHU5NjQ1XHU1OTI3XHU5OTZkXHU1ZTk3IiwgImhlYWx0aFNjb3JlIjogODYsICJldk9yZGVyIjogIlM2MDIiLCAiYWRkcmVzcyI6ICJcdTU2ZGJcdTVkZGRcdTc3MDFcdTYyMTBcdTkwZmRcdTVlMDJcdTlhZDhcdTY1YjBcdTUzM2FcdTU5MjlcdTVlOWNcdTU5MjdcdTkwNTNcdTUzMTdcdTZiYjUxNzAwXHU1M2Y3In1dfQ==', 'tokenStr': 'MTc2OF90b2tlbl8xNTQ0MDY0Mzc5MDI0LCwsMTU0NDA2NDM3OTAyNA=='}
------操作成功------
{'code': 0, 'message': '操作成功', 'obj': 'eyJwYWAAhLqZL&amHoLhddlIjogMSwgInBhZ2VTaXplIjogMjAsICJ0b3RhbENvdW50IjogMTQyNSwgInRvdGFsUGFnZSI6IDcyLCAicmVzdWx0IjogW3siYXR0ZW50aW9uRmxhZyI6IDIsICJldklkIjogIjk5NzUiLCAibmFtZSI6ICJcdTczYWZcdTc0MDNcdTRlMmRcdTVmYzNcdTU5MjlcdTU4MDJcdTZkMzJcdTk2NDVcdTU5MjdcdTk5NmRcdTVlOTciLCAiaGVhbHRoU2NvcmUiOiA4NiwgImV2T3JkZXIiOiAiUzkwNiIsICJhZGRyZXNzIjogIlx1NTZkYlx1NWRkZFx1NzcwMVx1NjIxMFx1OTBmZFx1NWUwMlx1OWFkOFx1NjViMFx1NTMzYVx1NTkyOVx1NWU5Y1x1NTkyN1x1OTA1M1x1NTMxN1x1NmJiNTE3MDBcdTUzZjcifSwgeyJhdHRlbnRpb25GbGFnIjogMiwgImV2SWQiOiAiOTk3NyIsICJuYW1lIjogIlx1NzNhZlx1NzQwM1x1NGUyZFx1NWZjM1x1NTkyOVx1NTgwMlx1NmQzMlx1OTY0NVx1NTkyN1x1OTk2ZFx1NWU5NyIsICJoZWFsdGhTY29yZSI6IDkwLCAiZXZPcmRlciI6ICJTOTA1IiwgImFkZHJlc3MiOiAiXHU1NmRiXHU1ZGRkXHU3NzAxXHU2MjEwXHU5MGZkXHU1ZTAyXHU5YWQ4XHU2NWIwXHU1MzNhXHU1OTI5XHU1ZTljXHU1OTI3XHU5MDUzXHU1MzE3XHU2YmI1MTcwMFx1NTNmNyJ9LCB7ImF0dGVudGlvbkZsYWciOiAyLCAiZXZJZCI6ICI5OTc5IiwgIm5hbWUiOiAiXHU3M2FmXHU3NDAzXHU0ZTJkXHU1ZmMzXHU1OTI5XHU1ODAyXHU2ZDMyXHU5NjQ1XHU1OTI3XHU5OTZkXHU1ZTk3IiwgImhlYWx0aFNjb3JlIjogOTAsICJldk9yZGVyIjogIlM4MDEiLCAiYWRkcmVzcyI6ICJcdTU2ZGJcdTVkZGRcdTc3MDFcdTYyMTBcdTkwZmRcdTVlMDJcdTlhZDhcdTY1YjBcdTUzM2FcdTU5MjlcdTVlOWNcdTU5MjdcdTkwNTNcdTUzMTdcdTZiYjUxNzAwXHU1M2Y3In0sIHsiYXR0ZW50aW9uRmxhZyI6IDIsICJldklkIjogIjk5ODEiLCAibmFtZSI6ICJcdTczYWZcdTc0MDNcdTRlMmRcdTVmYzNcdTU5MjlcdTU4MDJcdTZkMzJcdTk2NDVcdTU5MjdcdTk5NmRcdTVlOTciLCAiaGVhbHRoU2NvcmUiOiA4MCwgImV2T3JkZXIiOiAiUzUwMSIsICJhZGRyZXNzIjogIlx1NTZkYlx1NWRkZFx1NzcwMVx1NjIxMFx1OTBmZFx1NWUwMlx1OWFkOFx1NjViMFx1NTMzYVx1NTkyOVx1NWU5Y1x1NTkyN1x1OTA1M1x1NTMxN1x1NmJiNTE3MDBcdTUzZjcifSwgeyJhdHRlbnRpb25GbGFnIjogMiwgImV2SWQiOiAiOTk4NSIsICJuYW1lIjogIlx1NzNhZlx1NzQwM1x1NGUyZFx1NWZjM1x1NTkyOVx1NTgwMlx1NmQzMlx1OTY0NVx1NTkyN1x1OTk2ZFx1NWU5NyIsICJoZWFsdGhTY29yZSI6IDkwLCAiZXZPcmRlciI6ICJTOTAzIiwgImFkZHJlc3MiOiAiXHU1NmRiXHU1ZGRkXHU3NzAxXHU2MjEwXHU5MGZkXHU1ZTAyXHU5YWQ4XHU2NWIwXHU1MzNhXHU1OTI5XHU1ZTljXHU1OTI3XHU5MDUzXHU1MzE3XHU2YmI1MTcwMFx1NTNmNyJ9LCB7ImF0dGVudGlvbkZsYWciOiAyLCAiZXZJZCI6ICI5OTg3IiwgIm5hbWUiOiAiXHU3M2FmXHU3NDAzXHU0ZTJkXHU1ZmMzXHU1OTI5XHU1ODAyXHU2ZDMyXHU5NjQ1XHU1OTI3XHU5OTZkXHU1ZTk3IiwgImhlYWx0aFNjb3JlIjogODMsICJldk9yZGVyIjogIlM5MDIiLCAiYWRkcmVzcyI6ICJcdTU2ZGJcdTVkZGRcdTc3MDFcdTYyMTBcdTkwZmRcdTVlMDJcdTlhZDhcdTY1YjBcdTUzM2FcdTU5MjlcdTVlOWNcdTU5MjdcdTkwNTNcdTUzMTdcdTZiYjUxNzAwXHU1M2Y3In0sIHsiYXR0ZW50aW9uRmxhZyI6IDIsICJldklkIjogIjk5ODkiLCAibmFtZSI6ICJcdTczYWZcdTc0MDNcdTRlMmRcdTVmYzNcdTU5MjlcdTU4MDJcdTZkMzJcdTk2NDVcdTU5MjdcdTk5NmRcdTVlOTciLCAiaGVhbHRoU2NvcmUiOiA4NSwgImV2T3JkZXIiOiAiUzkwMSIsICJhZGRyZXNzIjogIlx1NTZkYlx1NWRkZFx1NzcwMVx1NjIxMFx1OTBmZFx1NWUwMlx1OWFkOFx1NjViMFx1NTMzYVx1NTkyOVx1NWU5Y1x1NTkyN1x1OTA1M1x1NTMxN1x1NmJiNTE3MDBcdTUzZjcifSwgeyJhdHRlbnRpb25GbGFnIjogMiwgImV2SWQiOiAiOTk5MSIsICJuYW1lIjogIlx1NzNhZlx1NzQwM1x1NGUyZFx1NWZjM1x1NTkyOVx1NTgwMlx1NmQzMlx1OTY0NVx1NTkyN1x1OTk2ZFx1NWU5NyIsICJoZWFsdGhTY29yZSI6IDg1LCAiZXZPcmRlciI6ICJQOTEzIiwgImFkZHJlc3MiOiAiXHU1NmRiXHU1ZGRkXHU3NzAxXHU2MjEwXHU5MGZkXHU1ZTAyXHU5YWQ4XHU2NWIwXHU1MzNhXHU1OTI5XHU1ZTljXHU1OTI3XHU5MDUzXHU1MzE3XHU2YmI1MTcwMFx1NTNmNyJ9LCB7ImF0dGVudGlvbkZsYWciOiAyLCAiZXZJZCI6ICI5OTkzIiwgIm5hbWUiOiAiXHU3M2FmXHU3NDAzXHU0ZTJkXHU1ZmMzXHU1OTI5XHU1ODAyXHU2ZDMyXHU5NjQ1XHU1OTI3XHU5OTZkXHU1ZTk3IiwgImhlYWx0aFNjb3JlIjogODEsICJldk9yZGVyIjogIlA4MDgiLCAiYWRkcmVzcyI6ICJcdTU2ZGJcdTVkZGRcdTc3MDFcdTYyMTBcdTkwZmRcdTVlMDJcdTlhZDhcdTY1YjBcdTUzM2FcdTU5MjlcdTVlOWNcdTU5MjdcdTkwNTNcdTUzMTdcdTZiYjUxNzAwXHU1M2Y3In0sIHsiYXR0ZW50aW9uRmxhZyI6IDIsICJldklkIjogIjk5OTUiLCAibmFtZSI6ICJcdTczYWZcdTc0MDNcdTRlMmRcdTVmYzNcdTU5MjlcdTU4MDJcdTZkMzJcdTk2NDVcdTU5MjdcdTk5NmRcdTVlOTciLCAiaGVhbHRoU2NvcmUiOiA4OCwgImV2T3JkZXIiOiAiUDUwNCIsICJhZGRyZXNzIjogIlx1NTZkYlx1NWRkZFx1NzcwMVx1NjIxMFx1OTBmZFx1NWUwMlx1OWFkOFx1NjViMFx1NTMzYVx1NTkyOVx1NWU5Y1x1NTkyN1x1OTA1M1x1NTMxN1x1NmJiNTE3MDBcdTUzZjcifSwgeyJhdHRlbnRpb25GbGFnIjogMiwgImV2SWQiOiAiOTk5NyIsICJuYW1lIjogIlx1NzNhZlx1NzQwM1x1NGUyZFx1NWZjM1x1NTkyOVx1NTgwMlx1NmQzMlx1OTY0NVx1NTkyN1x1OTk2ZFx1NWU5NyIsICJoZWFsdGhTY29yZSI6IDgxLCAiZXZPcmRlciI6ICJQOTE1IiwgImFkZHJlc3MiOiAiXHU1NmRiXHU1ZGRkXHU3NzAxXHU2MjEwXHU5MGZkXHU1ZTAyXHU5YWQ4XHU2NWIwXHU1MzNhXHU1OTI5XHU1ZTljXHU1OTI3XHU5MDUzXHU1MzE3XHU2YmI1MTcwMFx1NTNmNyJ9LCB7ImF0dGVudGlvbkZsYWciOiAyLCAiZXZJZCI6ICI5OTk5IiwgIm5hbWUiOiAiXHU3M2FmXHU3NDAzXHU0ZTJkXHU1ZmMzXHU1OTI5XHU1ODAyXHU2ZDMyXHU5NjQ1XHU1OTI3XHU5OTZkXHU1ZTk3IiwgImhlYWx0aFNjb3JlIjogODksICJldk9yZGVyIjogIlA5MTAiLCAiYWRkcmVzcyI6ICJcdTU2ZGJcdTVkZGRcdTc3MDFcdTYyMTBcdTkwZmRcdTVlMDJcdTlhZDhcdTY1YjBcdTUzM2FcdTU5MjlcdTVlOWNcdTU5MjdcdTkwNTNcdTUzMTdcdTZiYjUxNzAwXHU1M2Y3In0sIHsiYXR0ZW50aW9uRmxhZyI6IDIsICJldklkIjogIjEwMDAxIiwgIm5hbWUiOiAiXHU3M2FmXHU3NDAzXHU0ZTJkXHU1ZmMzXHU1OTI5XHU1ODAyXHU2ZDMyXHU5NjQ1XHU1OTI3XHU5OTZkXHU1ZTk3IiwgImhlYWx0aFNjb3JlIjogODIsICJldk9yZGVyIjogIlA5MDkiLCAiYWRkcmVzcyI6ICJcdTU2ZGJcdTVkZGRcdTc3MDFcdTYyMTBcdTkwZmRcdTVlMDJcdTlhZDhcdTY1YjBcdTUzM2FcdTU5MjlcdTVlOWNcdTU5MjdcdTkwNTNcdTUzMTdcdTZiYjUxNzAwXHU1M2Y3In0sIHsiYXR0ZW50aW9uRmxhZyI6IDIsICJldklkIjogIjEwMDAzIiwgIm5hbWUiOiAiXHU3M2FmXHU3NDAzXHU0ZTJkXHU1ZmMzXHU1OTI5XHU1ODAyXHU2ZDMyXHU5NjQ1XHU1OTI3XHU5OTZkXHU1ZTk3IiwgImhlYWx0aFNjb3JlIjogODAsICJldk9yZGVyIjogIlA5MDgiLCAiYWRkcmVzcyI6ICJcdTU2ZGJcdTVkZGRcdTc3MDFcdTYyMTBcdTkwZmRcdTVlMDJcdTlhZDhcdTY1YjBcdTUzM2FcdTU5MjlcdTVlOWNcdTU5MjdcdTkwNTNcdTUzMTdcdTZiYjUxNzAwXHU1M2Y3In0sIHsiYXR0ZW50aW9uRmxhZyI6IDIsICJldklkIjogIjEwMDA3IiwgIm5hbWUiOiAiXHU3M2FmXHU3NDAzXHU0ZTJkXHU1ZmMzXHU1OTI5XHU1ODAyXHU2ZDMyXHU5NjQ1XHU1OTI3XHU5OTZkXHU1ZTk3IiwgImhlYWx0aFNjb3JlIjogODUsICJldk9yZGVyIjogIkVTNDEtMDEiLCAiYWRkcmVzcyI6ICJcdTU2ZGJcdTVkZGRcdTc3MDFcdTYyMTBcdTkwZmRcdTVlMDJcdTlhZDhcdTY1YjBcdTUzM2FcdTU5MjlcdTVlOWNcdTU5MjdcdTkwNTNcdTUzMTdcdTZiYjUxNzAwXHU1M2Y3In0sIHsiYXR0ZW50aW9uRmxhZyI6IDIsICJldklkIjogIjEwMDA5IiwgIm5hbWUiOiAiXHU3M2FmXHU3NDAzXHU0ZTJkXHU1ZmMzXHU1OTI5XHU1ODAyXHU2ZDMyXHU5NjQ1XHU1OTI3XHU5OTZkXHU1ZTk3IiwgImhlYWx0aFNjb3JlIjogODAsICJldk9yZGVyIjogIkVTNDEtMDIiLCAiYWRkcmVzcyI6ICJcdTU2ZGJcdTVkZGRcdTc3MDFcdTYyMTBcdTkwZmRcdTVlMDJcdTlhZDhcdTY1YjBcdTUzM2FcdTU5MjlcdTVlOWNcdTU5MjdcdTkwNTNcdTUzMTdcdTZiYjUxNzAwXHU1M2Y3In0sIHsiYXR0ZW50aW9uRmxhZyI6IDIsICJldklkIjogIjEwMDgxIiwgIm5hbWUiOiAiXHU3M2FmXHU3NDAzXHU0ZTJkXHU1ZmMzXHU1OTI5XHU1ODAyXHU2ZDMyXHU5NjQ1XHU1OTI3XHU5OTZkXHU1ZTk3IiwgImhlYWx0aFNjb3JlIjogODUsICJldk9yZGVyIjogIlM5MDQiLCAiYWRkcmVzcyI6ICJcdTU2ZGJcdTVkZGRcdTc3MDFcdTYyMTBcdTkwZmRcdTVlMDJcdTlhZDhcdTY1YjBcdTUzM2FcdTU5MjlcdTVlOWNcdTU5MjdcdTkwNTNcdTUzMTdcdTZiYjUxNzAwXHU1M2Y3In0sIHsiYXR0ZW50aW9uRmxhZyI6IDIsICJldklkIjogIjEwMDg5IiwgIm5hbWUiOiAiXHU3M2FmXHU3NDAzXHU0ZTJkXHU1ZmMzXHU1OTI5XHU1ODAyXHU2ZDMyXHU5NjQ1XHU1OTI3XHU5OTZkXHU1ZTk3IiwgImhlYWx0aFNjb3JlIjogODMsICJldk9yZGVyIjogIlM3MDUiLCAiYWRkcmVzcyI6ICJcdTU2ZGJcdTVkZGRcdTc3MDFcdTYyMTBcdTkwZmRcdTVlMDJcdTlhZDhcdTY1YjBcdTUzM2FcdTU5MjlcdTVlOWNcdTU5MjdcdTkwNTNcdTUzMTdcdTZiYjUxNzAwXHU1M2Y3In0sIHsiYXR0ZW50aW9uRmxhZyI6IDIsICJldklkIjogIjEwMDkxIiwgIm5hbWUiOiAiXHU3M2FmXHU3NDAzXHU0ZTJkXHU1ZmMzXHU1OTI5XHU1ODAyXHU2ZDMyXHU5NjQ1XHU1OTI3XHU5OTZkXHU1ZTk3IiwgImhlYWx0aFNjb3JlIjogODcsICJldk9yZGVyIjogIlM2MDEiLCAiYWRkcmVzcyI6ICJcdTU2ZGJcdTVkZGRcdTc3MDFcdTYyMTBcdTkwZmRcdTVlMDJcdTlhZDhcdTY1YjBcdTUzM2FcdTU5MjlcdTVlOWNcdTU5MjdcdTkwNTNcdTUzMTdcdTZiYjUxNzAwXHU1M2Y3In0sIHsiYXR0ZW50aW9uRmxhZyI6IDIsICJldklkIjogIjEwMDkzIiwgIm5hbWUiOiAiXHU3M2FmXHU3NDAzXHU0ZTJkXHU1ZmMzXHU1OTI5XHU1ODAyXHU2ZDMyXHU5NjQ1XHU1OTI3XHU5OTZkXHU1ZTk3IiwgImhlYWx0aFNjb3JlIjogODYsICJldk9yZGVyIjogIlM2MDIiLCAiYWRkcmVzcyI6ICJcdTU2ZGJcdTVkZGRcdTc3MDFcdTYyMTBcdTkwZmRcdTVlMDJcdTlhZDhcdTY1YjBcdTUzM2FcdTU5MjlcdTVlOWNcdTU5MjdcdTkwNTNcdTUzMTdcdTZiYjUxNzAwXHU1M2Y3In1dfQ==', 'tokenStr': 'MTc2OF90b2tlbl8xNTQ0MDY0Mzc5MDI0LCwsMTU0NDA2NDM3OTAyNA=='}
------操作成功------
{'code': 0, 'message': '操作成功', 'obj': 'eyJwYWAAhLqZL&amHoLhddlIjogMSwgInBhZ2VTaXplIjogMjAsICJ0b3RhbENvdW50IjogMTQyNSwgInRvdGFsUGFnZSI6IDcyLCAicmVzdWx0IjogW3siYXR0ZW50aW9uRmxhZyI6IDIsICJldklkIjogIjk5NzUiLCAibmFtZSI6ICJcdTczYWZcdTc0MDNcdTRlMmRcdTVmYzNcdTU5MjlcdTU4MDJcdTZkMzJcdTk2NDVcdTU5MjdcdTk5NmRcdTVlOTciLCAiaGVhbHRoU2NvcmUiOiA4NiwgImV2T3JkZXIiOiAiUzkwNiIsICJhZGRyZXNzIjogIlx1NTZkYlx1NWRkZFx1NzcwMVx1NjIxMFx1OTBmZFx1NWUwMlx1OWFkOFx1NjViMFx1NTMzYVx1NTkyOVx1NWU5Y1x1NTkyN1x1OTA1M1x1NTMxN1x1NmJiNTE3MDBcdTUzZjcifSwgeyJhdHRlbnRpb25GbGFnIjogMiwgImV2SWQiOiAiOTk3NyIsICJuYW1lIjogIlx1NzNhZlx1NzQwM1x1NGUyZFx1NWZjM1x1NTkyOVx1NTgwMlx1NmQzMlx1OTY0NVx1NTkyN1x1OTk2ZFx1NWU5NyIsICJoZWFsdGhTY29yZSI6IDkwLCAiZXZPcmRlciI6ICJTOTA1IiwgImFkZHJlc3MiOiAiXHU1NmRiXHU1ZGRkXHU3NzAxXHU2MjEwXHU5MGZkXHU1ZTAyXHU5YWQ4XHU2NWIwXHU1MzNhXHU1OTI5XHU1ZTljXHU1OTI3XHU5MDUzXHU1MzE3XHU2YmI1MTcwMFx1NTNmNyJ9LCB7ImF0dGVudGlvbkZsYWciOiAyLCAiZXZJZCI6ICI5OTc5IiwgIm5hbWUiOiAiXHU3M2FmXHU3NDAzXHU0ZTJkXHU1ZmMzXHU1OTI5XHU1ODAyXHU2ZDMyXHU5NjQ1XHU1OTI3XHU5OTZkXHU1ZTk3IiwgImhlYWx0aFNjb3JlIjogOTAsICJldk9yZGVyIjogIlM4MDEiLCAiYWRkcmVzcyI6ICJcdTU2ZGJcdTVkZGRcdTc3MDFcdTYyMTBcdTkwZmRcdTVlMDJcdTlhZDhcdTY1YjBcdTUzM2FcdTU5MjlcdTVlOWNcdTU5MjdcdTkwNTNcdTUzMTdcdTZiYjUxNzAwXHU1M2Y3In0sIHsiYXR0ZW50aW9uRmxhZyI6IDIsICJldklkIjogIjk5ODEiLCAibmFtZSI6ICJcdTczYWZcdTc0MDNcdTRlMmRcdTVmYzNcdTU5MjlcdTU4MDJcdTZkMzJcdTk2NDVcdTU5MjdcdTk5NmRcdTVlOTciLCAiaGVhbHRoU2NvcmUiOiA4MCwgImV2T3JkZXIiOiAiUzUwMSIsICJhZGRyZXNzIjogIlx1NTZkYlx1NWRkZFx1NzcwMVx1NjIxMFx1OTBmZFx1NWUwMlx1OWFkOFx1NjViMFx1NTMzYVx1NTkyOVx1NWU5Y1x1NTkyN1x1OTA1M1x1NTMxN1x1NmJiNTE3MDBcdTUzZjcifSwgeyJhdHRlbnRpb25GbGFnIjogMiwgImV2SWQiOiAiOTk4NSIsICJuYW1lIjogIlx1NzNhZlx1NzQwM1x1NGUyZFx1NWZjM1x1NTkyOVx1NTgwMlx1NmQzMlx1OTY0NVx1NTkyN1x1OTk2ZFx1NWU5NyIsICJoZWFsdGhTY29yZSI6IDkwLCAiZXZPcmRlciI6ICJTOTAzIiwgImFkZHJlc3MiOiAiXHU1NmRiXHU1ZGRkXHU3NzAxXHU2MjEwXHU5MGZkXHU1ZTAyXHU5YWQ4XHU2NWIwXHU1MzNhXHU1OTI5XHU1ZTljXHU1OTI3XHU5MDUzXHU1MzE3XHU2YmI1MTcwMFx1NTNmNyJ9LCB7ImF0dGVudGlvbkZsYWciOiAyLCAiZXZJZCI6ICI5OTg3IiwgIm5hbWUiOiAiXHU3M2FmXHU3NDAzXHU0ZTJkXHU1ZmMzXHU1OTI5XHU1ODAyXHU2ZDMyXHU5NjQ1XHU1OTI3XHU5OTZkXHU1ZTk3IiwgImhlYWx0aFNjb3JlIjogODMsICJldk9yZGVyIjogIlM5MDIiLCAiYWRkcmVzcyI6ICJcdTU2ZGJcdTVkZGRcdTc3MDFcdTYyMTBcdTkwZmRcdTVlMDJcdTlhZDhcdTY1YjBcdTUzM2FcdTU5MjlcdTVlOWNcdTU5MjdcdTkwNTNcdTUzMTdcdTZiYjUxNzAwXHU1M2Y3In0sIHsiYXR0ZW50aW9uRmxhZyI6IDIsICJldklkIjogIjk5ODkiLCAibmFtZSI6ICJcdTczYWZcdTc0MDNcdTRlMmRcdTVmYzNcdTU5MjlcdTU4MDJcdTZkMzJcdTk2NDVcdTU5MjdcdTk5NmRcdTVlOTciLCAiaGVhbHRoU2NvcmUiOiA4NSwgImV2T3JkZXIiOiAiUzkwMSIsICJhZGRyZXNzIjogIlx1NTZkYlx1NWRkZFx1NzcwMVx1NjIxMFx1OTBmZFx1NWUwMlx1OWFkOFx1NjViMFx1NTMzYVx1NTkyOVx1NWU5Y1x1NTkyN1x1OTA1M1x1NTMxN1x1NmJiNTE3MDBcdTUzZjcifSwgeyJhdHRlbnRpb25GbGFnIjogMiwgImV2SWQiOiAiOTk5MSIsICJuYW1lIjogIlx1NzNhZlx1NzQwM1x1NGUyZFx1NWZjM1x1NTkyOVx1NTgwMlx1NmQzMlx1OTY0NVx1NTkyN1x1OTk2ZFx1NWU5NyIsICJoZWFsdGhTY29yZSI6IDg1LCAiZXZPcmRlciI6ICJQOTEzIiwgImFkZHJlc3MiOiAiXHU1NmRiXHU1ZGRkXHU3NzAxXHU2MjEwXHU5MGZkXHU1ZTAyXHU5YWQ4XHU2NWIwXHU1MzNhXHU1OTI5XHU1ZTljXHU1OTI3XHU5MDUzXHU1MzE3XHU2YmI1MTcwMFx1NTNmNyJ9LCB7ImF0dGVudGlvbkZsYWciOiAyLCAiZXZJZCI6ICI5OTkzIiwgIm5hbWUiOiAiXHU3M2FmXHU3NDAzXHU0ZTJkXHU1ZmMzXHU1OTI5XHU1ODAyXHU2ZDMyXHU5NjQ1XHU1OTI3XHU5OTZkXHU1ZTk3IiwgImhlYWx0aFNjb3JlIjogODEsICJldk9yZGVyIjogIlA4MDgiLCAiYWRkcmVzcyI6ICJcdTU2ZGJcdTVkZGRcdTc3MDFcdTYyMTBcdTkwZmRcdTVlMDJcdTlhZDhcdTY1YjBcdTUzM2FcdTU5MjlcdTVlOWNcdTU5MjdcdTkwNTNcdTUzMTdcdTZiYjUxNzAwXHU1M2Y3In0sIHsiYXR0ZW50aW9uRmxhZyI6IDIsICJldklkIjogIjk5OTUiLCAibmFtZSI6ICJcdTczYWZcdTc0MDNcdTRlMmRcdTVmYzNcdTU5MjlcdTU4MDJcdTZkMzJcdTk2NDVcdTU5MjdcdTk5NmRcdTVlOTciLCAiaGVhbHRoU2NvcmUiOiA4OCwgImV2T3JkZXIiOiAiUDUwNCIsICJhZGRyZXNzIjogIlx1NTZkYlx1NWRkZFx1NzcwMVx1NjIxMFx1OTBmZFx1NWUwMlx1OWFkOFx1NjViMFx1NTMzYVx1NTkyOVx1NWU5Y1x1NTkyN1x1OTA1M1x1NTMxN1x1NmJiNTE3MDBcdTUzZjcifSwgeyJhdHRlbnRpb25GbGFnIjogMiwgImV2SWQiOiAiOTk5NyIsICJuYW1lIjogIlx1NzNhZlx1NzQwM1x1NGUyZFx1NWZjM1x1NTkyOVx1NTgwMlx1NmQzMlx1OTY0NVx1NTkyN1x1OTk2ZFx1NWU5NyIsICJoZWFsdGhTY29yZSI6IDgxLCAiZXZPcmRlciI6ICJQOTE1IiwgImFkZHJlc3MiOiAiXHU1NmRiXHU1ZGRkXHU3NzAxXHU2MjEwXHU5MGZkXHU1ZTAyXHU5YWQ4XHU2NWIwXHU1MzNhXHU1OTI5XHU1ZTljXHU1OTI3XHU5MDUzXHU1MzE3XHU2YmI1MTcwMFx1NTNmNyJ9LCB7ImF0dGVudGlvbkZsYWciOiAyLCAiZXZJZCI6ICI5OTk5IiwgIm5hbWUiOiAiXHU3M2FmXHU3NDAzXHU0ZTJkXHU1ZmMzXHU1OTI5XHU1ODAyXHU2ZDMyXHU5NjQ1XHU1OTI3XHU5OTZkXHU1ZTk3IiwgImhlYWx0aFNjb3JlIjogODksICJldk9yZGVyIjogIlA5MTAiLCAiYWRkcmVzcyI6ICJcdTU2ZGJcdTVkZGRcdTc3MDFcdTYyMTBcdTkwZmRcdTVlMDJcdTlhZDhcdTY1YjBcdTUzM2FcdTU5MjlcdTVlOWNcdTU5MjdcdTkwNTNcdTUzMTdcdTZiYjUxNzAwXHU1M2Y3In0sIHsiYXR0ZW50aW9uRmxhZyI6IDIsICJldklkIjogIjEwMDAxIiwgIm5hbWUiOiAiXHU3M2FmXHU3NDAzXHU0ZTJkXHU1ZmMzXHU1OTI5XHU1ODAyXHU2ZDMyXHU5NjQ1XHU1OTI3XHU5OTZkXHU1ZTk3IiwgImhlYWx0aFNjb3JlIjogODIsICJldk9yZGVyIjogIlA5MDkiLCAiYWRkcmVzcyI6ICJcdTU2ZGJcdTVkZGRcdTc3MDFcdTYyMTBcdTkwZmRcdTVlMDJcdTlhZDhcdTY1YjBcdTUzM2FcdTU5MjlcdTVlOWNcdTU5MjdcdTkwNTNcdTUzMTdcdTZiYjUxNzAwXHU1M2Y3In0sIHsiYXR0ZW50aW9uRmxhZyI6IDIsICJldklkIjogIjEwMDAzIiwgIm5hbWUiOiAiXHU3M2FmXHU3NDAzXHU0ZTJkXHU1ZmMzXHU1OTI5XHU1ODAyXHU2ZDMyXHU5NjQ1XHU1OTI3XHU5OTZkXHU1ZTk3IiwgImhlYWx0aFNjb3JlIjogODAsICJldk9yZGVyIjogIlA5MDgiLCAiYWRkcmVzcyI6ICJcdTU2ZGJcdTVkZGRcdTc3MDFcdTYyMTBcdTkwZmRcdTVlMDJcdTlhZDhcdTY1YjBcdTUzM2FcdTU5MjlcdTVlOWNcdTU5MjdcdTkwNTNcdTUzMTdcdTZiYjUxNzAwXHU1M2Y3In0sIHsiYXR0ZW50aW9uRmxhZyI6IDIsICJldklkIjogIjEwMDA3IiwgIm5hbWUiOiAiXHU3M2FmXHU3NDAzXHU0ZTJkXHU1ZmMzXHU1OTI5XHU1ODAyXHU2ZDMyXHU5NjQ1XHU1OTI3XHU5OTZkXHU1ZTk3IiwgImhlYWx0aFNjb3JlIjogODUsICJldk9yZGVyIjogIkVTNDEtMDEiLCAiYWRkcmVzcyI6ICJcdTU2ZGJcdTVkZGRcdTc3MDFcdTYyMTBcdTkwZmRcdTVlMDJcdTlhZDhcdTY1YjBcdTUzM2FcdTU5MjlcdTVlOWNcdTU5MjdcdTkwNTNcdTUzMTdcdTZiYjUxNzAwXHU1M2Y3In0sIHsiYXR0ZW50aW9uRmxhZyI6IDIsICJldklkIjogIjEwMDA5IiwgIm5hbWUiOiAiXHU3M2FmXHU3NDAzXHU0ZTJkXHU1ZmMzXHU1OTI5XHU1ODAyXHU2ZDMyXHU5NjQ1XHU1OTI3XHU5OTZkXHU1ZTk3IiwgImhlYWx0aFNjb3JlIjogODAsICJldk9yZGVyIjogIkVTNDEtMDIiLCAiYWRkcmVzcyI6ICJcdTU2ZGJcdTVkZGRcdTc3MDFcdTYyMTBcdTkwZmRcdTVlMDJcdTlhZDhcdTY1YjBcdTUzM2FcdTU5MjlcdTVlOWNcdTU5MjdcdTkwNTNcdTUzMTdcdTZiYjUxNzAwXHU1M2Y3In0sIHsiYXR0ZW50aW9uRmxhZyI6IDIsICJldklkIjogIjEwMDgxIiwgIm5hbWUiOiAiXHU3M2FmXHU3NDAzXHU0ZTJkXHU1ZmMzXHU1OTI5XHU1ODAyXHU2ZDMyXHU5NjQ1XHU1OTI3XHU5OTZkXHU1ZTk3IiwgImhlYWx0aFNjb3JlIjogODUsICJldk9yZGVyIjogIlM5MDQiLCAiYWRkcmVzcyI6ICJcdTU2ZGJcdTVkZGRcdTc3MDFcdTYyMTBcdTkwZmRcdTVlMDJcdTlhZDhcdTY1YjBcdTUzM2FcdTU5MjlcdTVlOWNcdTU5MjdcdTkwNTNcdTUzMTdcdTZiYjUxNzAwXHU1M2Y3In0sIHsiYXR0ZW50aW9uRmxhZyI6IDIsICJldklkIjogIjEwMDg5IiwgIm5hbWUiOiAiXHU3M2FmXHU3NDAzXHU0ZTJkXHU1ZmMzXHU1OTI5XHU1ODAyXHU2ZDMyXHU5NjQ1XHU1OTI3XHU5OTZkXHU1ZTk3IiwgImhlYWx0aFNjb3JlIjogODMsICJldk9yZGVyIjogIlM3MDUiLCAiYWRkcmVzcyI6ICJcdTU2ZGJcdTVkZGRcdTc3MDFcdTYyMTBcdTkwZmRcdTVlMDJcdTlhZDhcdTY1YjBcdTUzM2FcdTU5MjlcdTVlOWNcdTU5MjdcdTkwNTNcdTUzMTdcdTZiYjUxNzAwXHU1M2Y3In0sIHsiYXR0ZW50aW9uRmxhZyI6IDIsICJldklkIjogIjEwMDkxIiwgIm5hbWUiOiAiXHU3M2FmXHU3NDAzXHU0ZTJkXHU1ZmMzXHU1OTI5XHU1ODAyXHU2ZDMyXHU5NjQ1XHU1OTI3XHU5OTZkXHU1ZTk3IiwgImhlYWx0aFNjb3JlIjogODcsICJldk9yZGVyIjogIlM2MDEiLCAiYWRkcmVzcyI6ICJcdTU2ZGJcdTVkZGRcdTc3MDFcdTYyMTBcdTkwZmRcdTVlMDJcdTlhZDhcdTY1YjBcdTUzM2FcdTU5MjlcdTVlOWNcdTU5MjdcdTkwNTNcdTUzMTdcdTZiYjUxNzAwXHU1M2Y3In0sIHsiYXR0ZW50aW9uRmxhZyI6IDIsICJldklkIjogIjEwMDkzIiwgIm5hbWUiOiAiXHU3M2FmXHU3NDAzXHU0ZTJkXHU1ZmMzXHU1OTI5XHU1ODAyXHU2ZDMyXHU5NjQ1XHU1OTI3XHU5OTZkXHU1ZTk3IiwgImhlYWx0aFNjb3JlIjogODYsICJldk9yZGVyIjogIlM2MDIiLCAiYWRkcmVzcyI6ICJcdTU2ZGJcdTVkZGRcdTc3MDFcdTYyMTBcdTkwZmRcdTVlMDJcdTlhZDhcdTY1YjBcdTUzM2FcdTU5MjlcdTVlOWNcdTU5MjdcdTkwNTNcdTUzMTdcdTZiYjUxNzAwXHU1M2Y3In1dfQ==', 'tokenStr': 'MTc2OF90b2tlbl8xNTQ0MDY0Mzc5MDI0LCwsMTU0NDA2NDM3OTAyNA=='}
------操作成功------
{'code': 0, 'message': '操作成功', 'obj': 'eyJwYWAAhLqZL&amHoLhddlIjogMSwgInBhZ2VTaXplIjogMjAsICJ0b3RhbENvdW50IjogMTQyNSwgInRvdGFsUGFnZSI6IDcyLCAicmVzdWx0IjogW3siYXR0ZW50aW9uRmxhZyI6IDIsICJldklkIjogIjk5NzUiLCAibmFtZSI6ICJcdTczYWZcdTc0MDNcdTRlMmRcdTVmYzNcdTU5MjlcdTU4MDJcdTZkMzJcdTk2NDVcdTU5MjdcdTk5NmRcdTVlOTciLCAiaGVhbHRoU2NvcmUiOiA4NiwgImV2T3JkZXIiOiAiUzkwNiIsICJhZGRyZXNzIjogIlx1NTZkYlx1NWRkZFx1NzcwMVx1NjIxMFx1OTBmZFx1NWUwMlx1OWFkOFx1NjViMFx1NTMzYVx1NTkyOVx1NWU5Y1x1NTkyN1x1OTA1M1x1NTMxN1x1NmJiNTE3MDBcdTUzZjcifSwgeyJhdHRlbnRpb25GbGFnIjogMiwgImV2SWQiOiAiOTk3NyIsICJuYW1lIjogIlx1NzNhZlx1NzQwM1x1NGUyZFx1NWZjM1x1NTkyOVx1NTgwMlx1NmQzMlx1OTY0NVx1NTkyN1x1OTk2ZFx1NWU5NyIsICJoZWFsdGhTY29yZSI6IDkwLCAiZXZPcmRlciI6ICJTOTA1IiwgImFkZHJlc3MiOiAiXHU1NmRiXHU1ZGRkXHU3NzAxXHU2MjEwXHU5MGZkXHU1ZTAyXHU5YWQ4XHU2NWIwXHU1MzNhXHU1OTI5XHU1ZTljXHU1OTI3XHU5MDUzXHU1MzE3XHU2YmI1MTcwMFx1NTNmNyJ9LCB7ImF0dGVudGlvbkZsYWciOiAyLCAiZXZJZCI6ICI5OTc5IiwgIm5hbWUiOiAiXHU3M2FmXHU3NDAzXHU0ZTJkXHU1ZmMzXHU1OTI5XHU1ODAyXHU2ZDMyXHU5NjQ1XHU1OTI3XHU5OTZkXHU1ZTk3IiwgImhlYWx0aFNjb3JlIjogOTAsICJldk9yZGVyIjogIlM4MDEiLCAiYWRkcmVzcyI6ICJcdTU2ZGJcdTVkZGRcdTc3MDFcdTYyMTBcdTkwZmRcdTVlMDJcdTlhZDhcdTY1YjBcdTUzM2FcdTU5MjlcdTVlOWNcdTU5MjdcdTkwNTNcdTUzMTdcdTZiYjUxNzAwXHU1M2Y3In0sIHsiYXR0ZW50aW9uRmxhZyI6IDIsICJldklkIjogIjk5ODEiLCAibmFtZSI6ICJcdTczYWZcdTc0MDNcdTRlMmRcdTVmYzNcdTU5MjlcdTU4MDJcdTZkMzJcdTk2NDVcdTU5MjdcdTk5NmRcdTVlOTciLCAiaGVhbHRoU2NvcmUiOiA4MCwgImV2T3JkZXIiOiAiUzUwMSIsICJhZGRyZXNzIjogIlx1NTZkYlx1NWRkZFx1NzcwMVx1NjIxMFx1OTBmZFx1NWUwMlx1OWFkOFx1NjViMFx1NTMzYVx1NTkyOVx1NWU5Y1x1NTkyN1x1OTA1M1x1NTMxN1x1NmJiNTE3MDBcdTUzZjcifSwgeyJhdHRlbnRpb25GbGFnIjogMiwgImV2SWQiOiAiOTk4NSIsICJuYW1lIjogIlx1NzNhZlx1NzQwM1x1NGUyZFx1NWZjM1x1NTkyOVx1NTgwMlx1NmQzMlx1OTY0NVx1NTkyN1x1OTk2ZFx1NWU5NyIsICJoZWFsdGhTY29yZSI6IDkwLCAiZXZPcmRlciI6ICJTOTAzIiwgImFkZHJlc3MiOiAiXHU1NmRiXHU1ZGRkXHU3NzAxXHU2MjEwXHU5MGZkXHU1ZTAyXHU5YWQ4XHU2NWIwXHU1MzNhXHU1OTI5XHU1ZTljXHU1OTI3XHU5MDUzXHU1MzE3XHU2YmI1MTcwMFx1NTNmNyJ9LCB7ImF0dGVudGlvbkZsYWciOiAyLCAiZXZJZCI6ICI5OTg3IiwgIm5hbWUiOiAiXHU3M2FmXHU3NDAzXHU0ZTJkXHU1ZmMzXHU1OTI5XHU1ODAyXHU2ZDMyXHU5NjQ1XHU1OTI3XHU5OTZkXHU1ZTk3IiwgImhlYWx0aFNjb3JlIjogODMsICJldk9yZGVyIjogIlM5MDIiLCAiYWRkcmVzcyI6ICJcdTU2ZGJcdTVkZGRcdTc3MDFcdTYyMTBcdTkwZmRcdTVlMDJcdTlhZDhcdTY1YjBcdTUzM2FcdTU5MjlcdTVlOWNcdTU5MjdcdTkwNTNcdTUzMTdcdTZiYjUxNzAwXHU1M2Y3In0sIHsiYXR0ZW50aW9uRmxhZyI6IDIsICJldklkIjogIjk5ODkiLCAibmFtZSI6ICJcdTczYWZcdTc0MDNcdTRlMmRcdTVmYzNcdTU5MjlcdTU4MDJcdTZkMzJcdTk2NDVcdTU5MjdcdTk5NmRcdTVlOTciLCAiaGVhbHRoU2NvcmUiOiA4NSwgImV2T3JkZXIiOiAiUzkwMSIsICJhZGRyZXNzIjogIlx1NTZkYlx1NWRkZFx1NzcwMVx1NjIxMFx1OTBmZFx1NWUwMlx1OWFkOFx1NjViMFx1NTMzYVx1NTkyOVx1NWU5Y1x1NTkyN1x1OTA1M1x1NTMxN1x1NmJiNTE3MDBcdTUzZjcifSwgeyJhdHRlbnRpb25GbGFnIjogMiwgImV2SWQiOiAiOTk5MSIsICJuYW1lIjogIlx1NzNhZlx1NzQwM1x1NGUyZFx1NWZjM1x1NTkyOVx1NTgwMlx1NmQzMlx1OTY0NVx1NTkyN1x1OTk2ZFx1NWU5NyIsICJoZWFsdGhTY29yZSI6IDg1LCAiZXZPcmRlciI6ICJQOTEzIiwgImFkZHJlc3MiOiAiXHU1NmRiXHU1ZGRkXHU3NzAxXHU2MjEwXHU5MGZkXHU1ZTAyXHU5YWQ4XHU2NWIwXHU1MzNhXHU1OTI5XHU1ZTljXHU1OTI3XHU5MDUzXHU1MzE3XHU2YmI1MTcwMFx1NTNmNyJ9LCB7ImF0dGVudGlvbkZsYWciOiAyLCAiZXZJZCI6ICI5OTkzIiwgIm5hbWUiOiAiXHU3M2FmXHU3NDAzXHU0ZTJkXHU1ZmMzXHU1OTI5XHU1ODAyXHU2ZDMyXHU5NjQ1XHU1OTI3XHU5OTZkXHU1ZTk3IiwgImhlYWx0aFNjb3JlIjogODEsICJldk9yZGVyIjogIlA4MDgiLCAiYWRkcmVzcyI6ICJcdTU2ZGJcdTVkZGRcdTc3MDFcdTYyMTBcdTkwZmRcdTVlMDJcdTlhZDhcdTY1YjBcdTUzM2FcdTU5MjlcdTVlOWNcdTU5MjdcdTkwNTNcdTUzMTdcdTZiYjUxNzAwXHU1M2Y3In0sIHsiYXR0ZW50aW9uRmxhZyI6IDIsICJldklkIjogIjk5OTUiLCAibmFtZSI6ICJcdTczYWZcdTc0MDNcdTRlMmRcdTVmYzNcdTU5MjlcdTU4MDJcdTZkMzJcdTk2NDVcdTU5MjdcdTk5NmRcdTVlOTciLCAiaGVhbHRoU2NvcmUiOiA4OCwgImV2T3JkZXIiOiAiUDUwNCIsICJhZGRyZXNzIjogIlx1NTZkYlx1NWRkZFx1NzcwMVx1NjIxMFx1OTBmZFx1NWUwMlx1OWFkOFx1NjViMFx1NTMzYVx1NTkyOVx1NWU5Y1x1NTkyN1x1OTA1M1x1NTMxN1x1NmJiNTE3MDBcdTUzZjcifSwgeyJhdHRlbnRpb25GbGFnIjogMiwgImV2SWQiOiAiOTk5NyIsICJuYW1lIjogIlx1NzNhZlx1NzQwM1x1NGUyZFx1NWZjM1x1NTkyOVx1NTgwMlx1NmQzMlx1OTY0NVx1NTkyN1x1OTk2ZFx1NWU5NyIsICJoZWFsdGhTY29yZSI6IDgxLCAiZXZPcmRlciI6ICJQOTE1IiwgImFkZHJlc3MiOiAiXHU1NmRiXHU1ZGRkXHU3NzAxXHU2MjEwXHU5MGZkXHU1ZTAyXHU5YWQ4XHU2NWIwXHU1MzNhXHU1OTI5XHU1ZTljXHU1OTI3XHU5MDUzXHU1MzE3XHU2YmI1MTcwMFx1NTNmNyJ9LCB7ImF0dGVudGlvbkZsYWciOiAyLCAiZXZJZCI6ICI5OTk5IiwgIm5hbWUiOiAiXHU3M2FmXHU3NDAzXHU0ZTJkXHU1ZmMzXHU1OTI5XHU1ODAyXHU2ZDMyXHU5NjQ1XHU1OTI3XHU5OTZkXHU1ZTk3IiwgImhlYWx0aFNjb3JlIjogODksICJldk9yZGVyIjogIlA5MTAiLCAiYWRkcmVzcyI6ICJcdTU2ZGJcdTVkZGRcdTc3MDFcdTYyMTBcdTkwZmRcdTVlMDJcdTlhZDhcdTY1YjBcdTUzM2FcdTU5MjlcdTVlOWNcdTU5MjdcdTkwNTNcdTUzMTdcdTZiYjUxNzAwXHU1M2Y3In0sIHsiYXR0ZW50aW9uRmxhZyI6IDIsICJldklkIjogIjEwMDAxIiwgIm5hbWUiOiAiXHU3M2FmXHU3NDAzXHU0ZTJkXHU1ZmMzXHU1OTI5XHU1ODAyXHU2ZDMyXHU5NjQ1XHU1OTI3XHU5OTZkXHU1ZTk3IiwgImhlYWx0aFNjb3JlIjogODIsICJldk9yZGVyIjogIlA5MDkiLCAiYWRkcmVzcyI6ICJcdTU2ZGJcdTVkZGRcdTc3MDFcdTYyMTBcdTkwZmRcdTVlMDJcdTlhZDhcdTY1YjBcdTUzM2FcdTU5MjlcdTVlOWNcdTU5MjdcdTkwNTNcdTUzMTdcdTZiYjUxNzAwXHU1M2Y3In0sIHsiYXR0ZW50aW9uRmxhZyI6IDIsICJldklkIjogIjEwMDAzIiwgIm5hbWUiOiAiXHU3M2FmXHU3NDAzXHU0ZTJkXHU1ZmMzXHU1OTI5XHU1ODAyXHU2ZDMyXHU5NjQ1XHU1OTI3XHU5OTZkXHU1ZTk3IiwgImhlYWx0aFNjb3JlIjogODAsICJldk9yZGVyIjogIlA5MDgiLCAiYWRkcmVzcyI6ICJcdTU2ZGJcdTVkZGRcdTc3MDFcdTYyMTBcdTkwZmRcdTVlMDJcdTlhZDhcdTY1YjBcdTUzM2FcdTU5MjlcdTVlOWNcdTU5MjdcdTkwNTNcdTUzMTdcdTZiYjUxNzAwXHU1M2Y3In0sIHsiYXR0ZW50aW9uRmxhZyI6IDIsICJldklkIjogIjEwMDA3IiwgIm5hbWUiOiAiXHU3M2FmXHU3NDAzXHU0ZTJkXHU1ZmMzXHU1OTI5XHU1ODAyXHU2ZDMyXHU5NjQ1XHU1OTI3XHU5OTZkXHU1ZTk3IiwgImhlYWx0aFNjb3JlIjogODUsICJldk9yZGVyIjogIkVTNDEtMDEiLCAiYWRkcmVzcyI6ICJcdTU2ZGJcdTVkZGRcdTc3MDFcdTYyMTBcdTkwZmRcdTVlMDJcdTlhZDhcdTY1YjBcdTUzM2FcdTU5MjlcdTVlOWNcdTU5MjdcdTkwNTNcdTUzMTdcdTZiYjUxNzAwXHU1M2Y3In0sIHsiYXR0ZW50aW9uRmxhZyI6IDIsICJldklkIjogIjEwMDA5IiwgIm5hbWUiOiAiXHU3M2FmXHU3NDAzXHU0ZTJkXHU1ZmMzXHU1OTI5XHU1ODAyXHU2ZDMyXHU5NjQ1XHU1OTI3XHU5OTZkXHU1ZTk3IiwgImhlYWx0aFNjb3JlIjogODAsICJldk9yZGVyIjogIkVTNDEtMDIiLCAiYWRkcmVzcyI6ICJcdTU2ZGJcdTVkZGRcdTc3MDFcdTYyMTBcdTkwZmRcdTVlMDJcdTlhZDhcdTY1YjBcdTUzM2FcdTU5MjlcdTVlOWNcdTU5MjdcdTkwNTNcdTUzMTdcdTZiYjUxNzAwXHU1M2Y3In0sIHsiYXR0ZW50aW9uRmxhZyI6IDIsICJldklkIjogIjEwMDgxIiwgIm5hbWUiOiAiXHU3M2FmXHU3NDAzXHU0ZTJkXHU1ZmMzXHU1OTI5XHU1ODAyXHU2ZDMyXHU5NjQ1XHU1OTI3XHU5OTZkXHU1ZTk3IiwgImhlYWx0aFNjb3JlIjogODUsICJldk9yZGVyIjogIlM5MDQiLCAiYWRkcmVzcyI6ICJcdTU2ZGJcdTVkZGRcdTc3MDFcdTYyMTBcdTkwZmRcdTVlMDJcdTlhZDhcdTY1YjBcdTUzM2FcdTU5MjlcdTVlOWNcdTU5MjdcdTkwNTNcdTUzMTdcdTZiYjUxNzAwXHU1M2Y3In0sIHsiYXR0ZW50aW9uRmxhZyI6IDIsICJldklkIjogIjEwMDg5IiwgIm5hbWUiOiAiXHU3M2FmXHU3NDAzXHU0ZTJkXHU1ZmMzXHU1OTI5XHU1ODAyXHU2ZDMyXHU5NjQ1XHU1OTI3XHU5OTZkXHU1ZTk3IiwgImhlYWx0aFNjb3JlIjogODMsICJldk9yZGVyIjogIlM3MDUiLCAiYWRkcmVzcyI6ICJcdTU2ZGJcdTVkZGRcdTc3MDFcdTYyMTBcdTkwZmRcdTVlMDJcdTlhZDhcdTY1YjBcdTUzM2FcdTU5MjlcdTVlOWNcdTU5MjdcdTkwNTNcdTUzMTdcdTZiYjUxNzAwXHU1M2Y3In0sIHsiYXR0ZW50aW9uRmxhZyI6IDIsICJldklkIjogIjEwMDkxIiwgIm5hbWUiOiAiXHU3M2FmXHU3NDAzXHU0ZTJkXHU1ZmMzXHU1OTI5XHU1ODAyXHU2ZDMyXHU5NjQ1XHU1OTI3XHU5OTZkXHU1ZTk3IiwgImhlYWx0aFNjb3JlIjogODcsICJldk9yZGVyIjogIlM2MDEiLCAiYWRkcmVzcyI6ICJcdTU2ZGJcdTVkZGRcdTc3MDFcdTYyMTBcdTkwZmRcdTVlMDJcdTlhZDhcdTY1YjBcdTUzM2FcdTU5MjlcdTVlOWNcdTU5MjdcdTkwNTNcdTUzMTdcdTZiYjUxNzAwXHU1M2Y3In0sIHsiYXR0ZW50aW9uRmxhZyI6IDIsICJldklkIjogIjEwMDkzIiwgIm5hbWUiOiAiXHU3M2FmXHU3NDAzXHU0ZTJkXHU1ZmMzXHU1OTI5XHU1ODAyXHU2ZDMyXHU5NjQ1XHU1OTI3XHU5OTZkXHU1ZTk3IiwgImhlYWx0aFNjb3JlIjogODYsICJldk9yZGVyIjogIlM2MDIiLCAiYWRkcmVzcyI6ICJcdTU2ZGJcdTVkZGRcdTc3MDFcdTYyMTBcdTkwZmRcdTVlMDJcdTlhZDhcdTY1YjBcdTUzM2FcdTU5MjlcdTVlOWNcdTU5MjdcdTkwNTNcdTUzMTdcdTZiYjUxNzAwXHU1M2Y3In1dfQ==', 'tokenStr': 'MTc2OF90b2tlbl8xNTQ0MDY0Mzc5MDI0LCwsMTU0NDA2NDM3OTAyNA=='}
------操作成功------
{'code': 0, 'message': '操作成功', 'obj': 'eyJwYWAAhLqZL&amHoLhddlIjogMSwgInBhZ2VTaXplIjogMjAsICJ0b3RhbENvdW50IjogMTQyNSwgInRvdGFsUGFnZSI6IDcyLCAicmVzdWx0IjogW3siYXR0ZW50aW9uRmxhZyI6IDIsICJldklkIjogIjk5NzUiLCAibmFtZSI6ICJcdTczYWZcdTc0MDNcdTRlMmRcdTVmYzNcdTU5MjlcdTU4MDJcdTZkMzJcdTk2NDVcdTU5MjdcdTk5NmRcdTVlOTciLCAiaGVhbHRoU2NvcmUiOiA4NiwgImV2T3JkZXIiOiAiUzkwNiIsICJhZGRyZXNzIjogIlx1NTZkYlx1NWRkZFx1NzcwMVx1NjIxMFx1OTBmZFx1NWUwMlx1OWFkOFx1NjViMFx1NTMzYVx1NTkyOVx1NWU5Y1x1NTkyN1x1OTA1M1x1NTMxN1x1NmJiNTE3MDBcdTUzZjcifSwgeyJhdHRlbnRpb25GbGFnIjogMiwgImV2SWQiOiAiOTk3NyIsICJuYW1lIjogIlx1NzNhZlx1NzQwM1x1NGUyZFx1NWZjM1x1NTkyOVx1NTgwMlx1NmQzMlx1OTY0NVx1NTkyN1x1OTk2ZFx1NWU5NyIsICJoZWFsdGhTY29yZSI6IDkwLCAiZXZPcmRlciI6ICJTOTA1IiwgImFkZHJlc3MiOiAiXHU1NmRiXHU1ZGRkXHU3NzAxXHU2MjEwXHU5MGZkXHU1ZTAyXHU5YWQ4XHU2NWIwXHU1MzNhXHU1OTI5XHU1ZTljXHU1OTI3XHU5MDUzXHU1MzE3XHU2YmI1MTcwMFx1NTNmNyJ9LCB7ImF0dGVudGlvbkZsYWciOiAyLCAiZXZJZCI6ICI5OTc5IiwgIm5hbWUiOiAiXHU3M2FmXHU3NDAzXHU0ZTJkXHU1ZmMzXHU1OTI5XHU1ODAyXHU2ZDMyXHU5NjQ1XHU1OTI3XHU5OTZkXHU1ZTk3IiwgImhlYWx0aFNjb3JlIjogOTAsICJldk9yZGVyIjogIlM4MDEiLCAiYWRkcmVzcyI6ICJcdTU2ZGJcdTVkZGRcdTc3MDFcdTYyMTBcdTkwZmRcdTVlMDJcdTlhZDhcdTY1YjBcdTUzM2FcdTU5MjlcdTVlOWNcdTU5MjdcdTkwNTNcdTUzMTdcdTZiYjUxNzAwXHU1M2Y3In0sIHsiYXR0ZW50aW9uRmxhZyI6IDIsICJldklkIjogIjk5ODEiLCAibmFtZSI6ICJcdTczYWZcdTc0MDNcdTRlMmRcdTVmYzNcdTU5MjlcdTU4MDJcdTZkMzJcdTk2NDVcdTU5MjdcdTk5NmRcdTVlOTciLCAiaGVhbHRoU2NvcmUiOiA4MCwgImV2T3JkZXIiOiAiUzUwMSIsICJhZGRyZXNzIjogIlx1NTZkYlx1NWRkZFx1NzcwMVx1NjIxMFx1OTBmZFx1NWUwMlx1OWFkOFx1NjViMFx1NTMzYVx1NTkyOVx1NWU5Y1x1NTkyN1x1OTA1M1x1NTMxN1x1NmJiNTE3MDBcdTUzZjcifSwgeyJhdHRlbnRpb25GbGFnIjogMiwgImV2SWQiOiAiOTk4NSIsICJuYW1lIjogIlx1NzNhZlx1NzQwM1x1NGUyZFx1NWZjM1x1NTkyOVx1NTgwMlx1NmQzMlx1OTY0NVx1NTkyN1x1OTk2ZFx1NWU5NyIsICJoZWFsdGhTY29yZSI6IDkwLCAiZXZPcmRlciI6ICJTOTAzIiwgImFkZHJlc3MiOiAiXHU1NmRiXHU1ZGRkXHU3NzAxXHU2MjEwXHU5MGZkXHU1ZTAyXHU5YWQ4XHU2NWIwXHU1MzNhXHU1OTI5XHU1ZTljXHU1OTI3XHU5MDUzXHU1MzE3XHU2YmI1MTcwMFx1NTNmNyJ9LCB7ImF0dGVudGlvbkZsYWciOiAyLCAiZXZJZCI6ICI5OTg3IiwgIm5hbWUiOiAiXHU3M2FmXHU3NDAzXHU0ZTJkXHU1ZmMzXHU1OTI5XHU1ODAyXHU2ZDMyXHU5NjQ1XHU1OTI3XHU5OTZkXHU1ZTk3IiwgImhlYWx0aFNjb3JlIjogODMsICJldk9yZGVyIjogIlM5MDIiLCAiYWRkcmVzcyI6ICJcdTU2ZGJcdTVkZGRcdTc3MDFcdTYyMTBcdTkwZmRcdTVlMDJcdTlhZDhcdTY1YjBcdTUzM2FcdTU5MjlcdTVlOWNcdTU5MjdcdTkwNTNcdTUzMTdcdTZiYjUxNzAwXHU1M2Y3In0sIHsiYXR0ZW50aW9uRmxhZyI6IDIsICJldklkIjogIjk5ODkiLCAibmFtZSI6ICJcdTczYWZcdTc0MDNcdTRlMmRcdTVmYzNcdTU5MjlcdTU4MDJcdTZkMzJcdTk2NDVcdTU5MjdcdTk5NmRcdTVlOTciLCAiaGVhbHRoU2NvcmUiOiA4NSwgImV2T3JkZXIiOiAiUzkwMSIsICJhZGRyZXNzIjogIlx1NTZkYlx1NWRkZFx1NzcwMVx1NjIxMFx1OTBmZFx1NWUwMlx1OWFkOFx1NjViMFx1NTMzYVx1NTkyOVx1NWU5Y1x1NTkyN1x1OTA1M1x1NTMxN1x1NmJiNTE3MDBcdTUzZjcifSwgeyJhdHRlbnRpb25GbGFnIjogMiwgImV2SWQiOiAiOTk5MSIsICJuYW1lIjogIlx1NzNhZlx1NzQwM1x1NGUyZFx1NWZjM1x1NTkyOVx1NTgwMlx1NmQzMlx1OTY0NVx1NTkyN1x1OTk2ZFx1NWU5NyIsICJoZWFsdGhTY29yZSI6IDg1LCAiZXZPcmRlciI6ICJQOTEzIiwgImFkZHJlc3MiOiAiXHU1NmRiXHU1ZGRkXHU3NzAxXHU2MjEwXHU5MGZkXHU1ZTAyXHU5YWQ4XHU2NWIwXHU1MzNhXHU1OTI5XHU1ZTljXHU1OTI3XHU5MDUzXHU1MzE3XHU2YmI1MTcwMFx1NTNmNyJ9LCB7ImF0dGVudGlvbkZsYWciOiAyLCAiZXZJZCI6ICI5OTkzIiwgIm5hbWUiOiAiXHU3M2FmXHU3NDAzXHU0ZTJkXHU1ZmMzXHU1OTI5XHU1ODAyXHU2ZDMyXHU5NjQ1XHU1OTI3XHU5OTZkXHU1ZTk3IiwgImhlYWx0aFNjb3JlIjogODEsICJldk9yZGVyIjogIlA4MDgiLCAiYWRkcmVzcyI6ICJcdTU2ZGJcdTVkZGRcdTc3MDFcdTYyMTBcdTkwZmRcdTVlMDJcdTlhZDhcdTY1YjBcdTUzM2FcdTU5MjlcdTVlOWNcdTU5MjdcdTkwNTNcdTUzMTdcdTZiYjUxNzAwXHU1M2Y3In0sIHsiYXR0ZW50aW9uRmxhZyI6IDIsICJldklkIjogIjk5OTUiLCAibmFtZSI6ICJcdTczYWZcdTc0MDNcdTRlMmRcdTVmYzNcdTU5MjlcdTU4MDJcdTZkMzJcdTk2NDVcdTU5MjdcdTk5NmRcdTVlOTciLCAiaGVhbHRoU2NvcmUiOiA4OCwgImV2T3JkZXIiOiAiUDUwNCIsICJhZGRyZXNzIjogIlx1NTZkYlx1NWRkZFx1NzcwMVx1NjIxMFx1OTBmZFx1NWUwMlx1OWFkOFx1NjViMFx1NTMzYVx1NTkyOVx1NWU5Y1x1NTkyN1x1OTA1M1x1NTMxN1x1NmJiNTE3MDBcdTUzZjcifSwgeyJhdHRlbnRpb25GbGFnIjogMiwgImV2SWQiOiAiOTk5NyIsICJuYW1lIjogIlx1NzNhZlx1NzQwM1x1NGUyZFx1NWZjM1x1NTkyOVx1NTgwMlx1NmQzMlx1OTY0NVx1NTkyN1x1OTk2ZFx1NWU5NyIsICJoZWFsdGhTY29yZSI6IDgxLCAiZXZPcmRlciI6ICJQOTE1IiwgImFkZHJlc3MiOiAiXHU1NmRiXHU1ZGRkXHU3NzAxXHU2MjEwXHU5MGZkXHU1ZTAyXHU5YWQ4XHU2NWIwXHU1MzNhXHU1OTI5XHU1ZTljXHU1OTI3XHU5MDUzXHU1MzE3XHU2YmI1MTcwMFx1NTNmNyJ9LCB7ImF0dGVudGlvbkZsYWciOiAyLCAiZXZJZCI6ICI5OTk5IiwgIm5hbWUiOiAiXHU3M2FmXHU3NDAzXHU0ZTJkXHU1ZmMzXHU1OTI5XHU1ODAyXHU2ZDMyXHU5NjQ1XHU1OTI3XHU5OTZkXHU1ZTk3IiwgImhlYWx0aFNjb3JlIjogODksICJldk9yZGVyIjogIlA5MTAiLCAiYWRkcmVzcyI6ICJcdTU2ZGJcdTVkZGRcdTc3MDFcdTYyMTBcdTkwZmRcdTVlMDJcdTlhZDhcdTY1YjBcdTUzM2FcdTU5MjlcdTVlOWNcdTU5MjdcdTkwNTNcdTUzMTdcdTZiYjUxNzAwXHU1M2Y3In0sIHsiYXR0ZW50aW9uRmxhZyI6IDIsICJldklkIjogIjEwMDAxIiwgIm5hbWUiOiAiXHU3M2FmXHU3NDAzXHU0ZTJkXHU1ZmMzXHU1OTI5XHU1ODAyXHU2ZDMyXHU5NjQ1XHU1OTI3XHU5OTZkXHU1ZTk3IiwgImhlYWx0aFNjb3JlIjogODIsICJldk9yZGVyIjogIlA5MDkiLCAiYWRkcmVzcyI6ICJcdTU2ZGJcdTVkZGRcdTc3MDFcdTYyMTBcdTkwZmRcdTVlMDJcdTlhZDhcdTY1YjBcdTUzM2FcdTU5MjlcdTVlOWNcdTU5MjdcdTkwNTNcdTUzMTdcdTZiYjUxNzAwXHU1M2Y3In0sIHsiYXR0ZW50aW9uRmxhZyI6IDIsICJldklkIjogIjEwMDAzIiwgIm5hbWUiOiAiXHU3M2FmXHU3NDAzXHU0ZTJkXHU1ZmMzXHU1OTI5XHU1ODAyXHU2ZDMyXHU5NjQ1XHU1OTI3XHU5OTZkXHU1ZTk3IiwgImhlYWx0aFNjb3JlIjogODAsICJldk9yZGVyIjogIlA5MDgiLCAiYWRkcmVzcyI6ICJcdTU2ZGJcdTVkZGRcdTc3MDFcdTYyMTBcdTkwZmRcdTVlMDJcdTlhZDhcdTY1YjBcdTUzM2FcdTU5MjlcdTVlOWNcdTU5MjdcdTkwNTNcdTUzMTdcdTZiYjUxNzAwXHU1M2Y3In0sIHsiYXR0ZW50aW9uRmxhZyI6IDIsICJldklkIjogIjEwMDA3IiwgIm5hbWUiOiAiXHU3M2FmXHU3NDAzXHU0ZTJkXHU1ZmMzXHU1OTI5XHU1ODAyXHU2ZDMyXHU5NjQ1XHU1OTI3XHU5OTZkXHU1ZTk3IiwgImhlYWx0aFNjb3JlIjogODUsICJldk9yZGVyIjogIkVTNDEtMDEiLCAiYWRkcmVzcyI6ICJcdTU2ZGJcdTVkZGRcdTc3MDFcdTYyMTBcdTkwZmRcdTVlMDJcdTlhZDhcdTY1YjBcdTUzM2FcdTU5MjlcdTVlOWNcdTU5MjdcdTkwNTNcdTUzMTdcdTZiYjUxNzAwXHU1M2Y3In0sIHsiYXR0ZW50aW9uRmxhZyI6IDIsICJldklkIjogIjEwMDA5IiwgIm5hbWUiOiAiXHU3M2FmXHU3NDAzXHU0ZTJkXHU1ZmMzXHU1OTI5XHU1ODAyXHU2ZDMyXHU5NjQ1XHU1OTI3XHU5OTZkXHU1ZTk3IiwgImhlYWx0aFNjb3JlIjogODAsICJldk9yZGVyIjogIkVTNDEtMDIiLCAiYWRkcmVzcyI6ICJcdTU2ZGJcdTVkZGRcdTc3MDFcdTYyMTBcdTkwZmRcdTVlMDJcdTlhZDhcdTY1YjBcdTUzM2FcdTU5MjlcdTVlOWNcdTU5MjdcdTkwNTNcdTUzMTdcdTZiYjUxNzAwXHU1M2Y3In0sIHsiYXR0ZW50aW9uRmxhZyI6IDIsICJldklkIjogIjEwMDgxIiwgIm5hbWUiOiAiXHU3M2FmXHU3NDAzXHU0ZTJkXHU1ZmMzXHU1OTI5XHU1ODAyXHU2ZDMyXHU5NjQ1XHU1OTI3XHU5OTZkXHU1ZTk3IiwgImhlYWx0aFNjb3JlIjogODUsICJldk9yZGVyIjogIlM5MDQiLCAiYWRkcmVzcyI6ICJcdTU2ZGJcdTVkZGRcdTc3MDFcdTYyMTBcdTkwZmRcdTVlMDJcdTlhZDhcdTY1YjBcdTUzM2FcdTU5MjlcdTVlOWNcdTU5MjdcdTkwNTNcdTUzMTdcdTZiYjUxNzAwXHU1M2Y3In0sIHsiYXR0ZW50aW9uRmxhZyI6IDIsICJldklkIjogIjEwMDg5IiwgIm5hbWUiOiAiXHU3M2FmXHU3NDAzXHU0ZTJkXHU1ZmMzXHU1OTI5XHU1ODAyXHU2ZDMyXHU5NjQ1XHU1OTI3XHU5OTZkXHU1ZTk3IiwgImhlYWx0aFNjb3JlIjogODMsICJldk9yZGVyIjogIlM3MDUiLCAiYWRkcmVzcyI6ICJcdTU2ZGJcdTVkZGRcdTc3MDFcdTYyMTBcdTkwZmRcdTVlMDJcdTlhZDhcdTY1YjBcdTUzM2FcdTU5MjlcdTVlOWNcdTU5MjdcdTkwNTNcdTUzMTdcdTZiYjUxNzAwXHU1M2Y3In0sIHsiYXR0ZW50aW9uRmxhZyI6IDIsICJldklkIjogIjEwMDkxIiwgIm5hbWUiOiAiXHU3M2FmXHU3NDAzXHU0ZTJkXHU1ZmMzXHU1OTI5XHU1ODAyXHU2ZDMyXHU5NjQ1XHU1OTI3XHU5OTZkXHU1ZTk3IiwgImhlYWx0aFNjb3JlIjogODcsICJldk9yZGVyIjogIlM2MDEiLCAiYWRkcmVzcyI6ICJcdTU2ZGJcdTVkZGRcdTc3MDFcdTYyMTBcdTkwZmRcdTVlMDJcdTlhZDhcdTY1YjBcdTUzM2FcdTU5MjlcdTVlOWNcdTU5MjdcdTkwNTNcdTUzMTdcdTZiYjUxNzAwXHU1M2Y3In0sIHsiYXR0ZW50aW9uRmxhZyI6IDIsICJldklkIjogIjEwMDkzIiwgIm5hbWUiOiAiXHU3M2FmXHU3NDAzXHU0ZTJkXHU1ZmMzXHU1OTI5XHU1ODAyXHU2ZDMyXHU5NjQ1XHU1OTI3XHU5OTZkXHU1ZTk3IiwgImhlYWx0aFNjb3JlIjogODYsICJldk9yZGVyIjogIlM2MDIiLCAiYWRkcmVzcyI6ICJcdTU2ZGJcdTVkZGRcdTc3MDFcdTYyMTBcdTkwZmRcdTVlMDJcdTlhZDhcdTY1YjBcdTUzM2FcdTU5MjlcdTVlOWNcdTU5MjdcdTkwNTNcdTUzMTdcdTZiYjUxNzAwXHU1M2Y3In1dfQ==', 'tokenStr': 'MTc2OF90b2tlbl8xNTQ0MDY0Mzc5MDI0LCwsMTU0NDA2NDM3OTAyNA=='}
------操作成功------
{'code': 0, 'message': '操作成功', 'obj': 'eyJwYWAAhLqZL&amHoLhddlIjogMSwgInBhZ2VTaXplIjogMjAsICJ0b3RhbENvdW50IjogMTQyNSwgInRvdGFsUGFnZSI6IDcyLCAicmVzdWx0IjogW3siYXR0ZW50aW9uRmxhZyI6IDIsICJldklkIjogIjk5NzUiLCAibmFtZSI6ICJcdTczYWZcdTc0MDNcdTRlMmRcdTVmYzNcdTU5MjlcdTU4MDJcdTZkMzJcdTk2NDVcdTU5MjdcdTk5NmRcdTVlOTciLCAiaGVhbHRoU2NvcmUiOiA4NiwgImV2T3JkZXIiOiAiUzkwNiIsICJhZGRyZXNzIjogIlx1NTZkYlx1NWRkZFx1NzcwMVx1NjIxMFx1OTBmZFx1NWUwMlx1OWFkOFx1NjViMFx1NTMzYVx1NTkyOVx1NWU5Y1x1NTkyN1x1OTA1M1x1NTMxN1x1NmJiNTE3MDBcdTUzZjcifSwgeyJhdHRlbnRpb25GbGFnIjogMiwgImV2SWQiOiAiOTk3NyIsICJuYW1lIjogIlx1NzNhZlx1NzQwM1x1NGUyZFx1NWZjM1x1NTkyOVx1NTgwMlx1NmQzMlx1OTY0NVx1NTkyN1x1OTk2ZFx1NWU5NyIsICJoZWFsdGhTY29yZSI6IDkwLCAiZXZPcmRlciI6ICJTOTA1IiwgImFkZHJlc3MiOiAiXHU1NmRiXHU1ZGRkXHU3NzAxXHU2MjEwXHU5MGZkXHU1ZTAyXHU5YWQ4XHU2NWIwXHU1MzNhXHU1OTI5XHU1ZTljXHU1OTI3XHU5MDUzXHU1MzE3XHU2YmI1MTcwMFx1NTNmNyJ9LCB7ImF0dGVudGlvbkZsYWciOiAyLCAiZXZJZCI6ICI5OTc5IiwgIm5hbWUiOiAiXHU3M2FmXHU3NDAzXHU0ZTJkXHU1ZmMzXHU1OTI5XHU1ODAyXHU2ZDMyXHU5NjQ1XHU1OTI3XHU5OTZkXHU1ZTk3IiwgImhlYWx0aFNjb3JlIjogOTAsICJldk9yZGVyIjogIlM4MDEiLCAiYWRkcmVzcyI6ICJcdTU2ZGJcdTVkZGRcdTc3MDFcdTYyMTBcdTkwZmRcdTVlMDJcdTlhZDhcdTY1YjBcdTUzM2FcdTU5MjlcdTVlOWNcdTU5MjdcdTkwNTNcdTUzMTdcdTZiYjUxNzAwXHU1M2Y3In0sIHsiYXR0ZW50aW9uRmxhZyI6IDIsICJldklkIjogIjk5ODEiLCAibmFtZSI6ICJcdTczYWZcdTc0MDNcdTRlMmRcdTVmYzNcdTU5MjlcdTU4MDJcdTZkMzJcdTk2NDVcdTU5MjdcdTk5NmRcdTVlOTciLCAiaGVhbHRoU2NvcmUiOiA4MCwgImV2T3JkZXIiOiAiUzUwMSIsICJhZGRyZXNzIjogIlx1NTZkYlx1NWRkZFx1NzcwMVx1NjIxMFx1OTBmZFx1NWUwMlx1OWFkOFx1NjViMFx1NTMzYVx1NTkyOVx1NWU5Y1x1NTkyN1x1OTA1M1x1NTMxN1x1NmJiNTE3MDBcdTUzZjcifSwgeyJhdHRlbnRpb25GbGFnIjogMiwgImV2SWQiOiAiOTk4NSIsICJuYW1lIjogIlx1NzNhZlx1NzQwM1x1NGUyZFx1NWZjM1x1NTkyOVx1NTgwMlx1NmQzMlx1OTY0NVx1NTkyN1x1OTk2ZFx1NWU5NyIsICJoZWFsdGhTY29yZSI6IDkwLCAiZXZPcmRlciI6ICJTOTAzIiwgImFkZHJlc3MiOiAiXHU1NmRiXHU1ZGRkXHU3NzAxXHU2MjEwXHU5MGZkXHU1ZTAyXHU5YWQ4XHU2NWIwXHU1MzNhXHU1OTI5XHU1ZTljXHU1OTI3XHU5MDUzXHU1MzE3XHU2YmI1MTcwMFx1NTNmNyJ9LCB7ImF0dGVudGlvbkZsYWciOiAyLCAiZXZJZCI6ICI5OTg3IiwgIm5hbWUiOiAiXHU3M2FmXHU3NDAzXHU0ZTJkXHU1ZmMzXHU1OTI5XHU1ODAyXHU2ZDMyXHU5NjQ1XHU1OTI3XHU5OTZkXHU1ZTk3IiwgImhlYWx0aFNjb3JlIjogODMsICJldk9yZGVyIjogIlM5MDIiLCAiYWRkcmVzcyI6ICJcdTU2ZGJcdTVkZGRcdTc3MDFcdTYyMTBcdTkwZmRcdTVlMDJcdTlhZDhcdTY1YjBcdTUzM2FcdTU5MjlcdTVlOWNcdTU5MjdcdTkwNTNcdTUzMTdcdTZiYjUxNzAwXHU1M2Y3In0sIHsiYXR0ZW50aW9uRmxhZyI6IDIsICJldklkIjogIjk5ODkiLCAibmFtZSI6ICJcdTczYWZcdTc0MDNcdTRlMmRcdTVmYzNcdTU5MjlcdTU4MDJcdTZkMzJcdTk2NDVcdTU5MjdcdTk5NmRcdTVlOTciLCAiaGVhbHRoU2NvcmUiOiA4NSwgImV2T3JkZXIiOiAiUzkwMSIsICJhZGRyZXNzIjogIlx1NTZkYlx1NWRkZFx1NzcwMVx1NjIxMFx1OTBmZFx1NWUwMlx1OWFkOFx1NjViMFx1NTMzYVx1NTkyOVx1NWU5Y1x1NTkyN1x1OTA1M1x1NTMxN1x1NmJiNTE3MDBcdTUzZjcifSwgeyJhdHRlbnRpb25GbGFnIjogMiwgImV2SWQiOiAiOTk5MSIsICJuYW1lIjogIlx1NzNhZlx1NzQwM1x1NGUyZFx1NWZjM1x1NTkyOVx1NTgwMlx1NmQzMlx1OTY0NVx1NTkyN1x1OTk2ZFx1NWU5NyIsICJoZWFsdGhTY29yZSI6IDg1LCAiZXZPcmRlciI6ICJQOTEzIiwgImFkZHJlc3MiOiAiXHU1NmRiXHU1ZGRkXHU3NzAxXHU2MjEwXHU5MGZkXHU1ZTAyXHU5YWQ4XHU2NWIwXHU1MzNhXHU1OTI5XHU1ZTljXHU1OTI3XHU5MDUzXHU1MzE3XHU2YmI1MTcwMFx1NTNmNyJ9LCB7ImF0dGVudGlvbkZsYWciOiAyLCAiZXZJZCI6ICI5OTkzIiwgIm5hbWUiOiAiXHU3M2FmXHU3NDAzXHU0ZTJkXHU1ZmMzXHU1OTI5XHU1ODAyXHU2ZDMyXHU5NjQ1XHU1OTI3XHU5OTZkXHU1ZTk3IiwgImhlYWx0aFNjb3JlIjogODEsICJldk9yZGVyIjogIlA4MDgiLCAiYWRkcmVzcyI6ICJcdTU2ZGJcdTVkZGRcdTc3MDFcdTYyMTBcdTkwZmRcdTVlMDJcdTlhZDhcdTY1YjBcdTUzM2FcdTU5MjlcdTVlOWNcdTU5MjdcdTkwNTNcdTUzMTdcdTZiYjUxNzAwXHU1M2Y3In0sIHsiYXR0ZW50aW9uRmxhZyI6IDIsICJldklkIjogIjk5OTUiLCAibmFtZSI6ICJcdTczYWZcdTc0MDNcdTRlMmRcdTVmYzNcdTU5MjlcdTU4MDJcdTZkMzJcdTk2NDVcdTU5MjdcdTk5NmRcdTVlOTciLCAiaGVhbHRoU2NvcmUiOiA4OCwgImV2T3JkZXIiOiAiUDUwNCIsICJhZGRyZXNzIjogIlx1NTZkYlx1NWRkZFx1NzcwMVx1NjIxMFx1OTBmZFx1NWUwMlx1OWFkOFx1NjViMFx1NTMzYVx1NTkyOVx1NWU5Y1x1NTkyN1x1OTA1M1x1NTMxN1x1NmJiNTE3MDBcdTUzZjcifSwgeyJhdHRlbnRpb25GbGFnIjogMiwgImV2SWQiOiAiOTk5NyIsICJuYW1lIjogIlx1NzNhZlx1NzQwM1x1NGUyZFx1NWZjM1x1NTkyOVx1NTgwMlx1NmQzMlx1OTY0NVx1NTkyN1x1OTk2ZFx1NWU5NyIsICJoZWFsdGhTY29yZSI6IDgxLCAiZXZPcmRlciI6ICJQOTE1IiwgImFkZHJlc3MiOiAiXHU1NmRiXHU1ZGRkXHU3NzAxXHU2MjEwXHU5MGZkXHU1ZTAyXHU5YWQ4XHU2NWIwXHU1MzNhXHU1OTI5XHU1ZTljXHU1OTI3XHU5MDUzXHU1MzE3XHU2YmI1MTcwMFx1NTNmNyJ9LCB7ImF0dGVudGlvbkZsYWciOiAyLCAiZXZJZCI6ICI5OTk5IiwgIm5hbWUiOiAiXHU3M2FmXHU3NDAzXHU0ZTJkXHU1ZmMzXHU1OTI5XHU1ODAyXHU2ZDMyXHU5NjQ1XHU1OTI3XHU5OTZkXHU1ZTk3IiwgImhlYWx0aFNjb3JlIjogODksICJldk9yZGVyIjogIlA5MTAiLCAiYWRkcmVzcyI6ICJcdTU2ZGJcdTVkZGRcdTc3MDFcdTYyMTBcdTkwZmRcdTVlMDJcdTlhZDhcdTY1YjBcdTUzM2FcdTU5MjlcdTVlOWNcdTU5MjdcdTkwNTNcdTUzMTdcdTZiYjUxNzAwXHU1M2Y3In0sIHsiYXR0ZW50aW9uRmxhZyI6IDIsICJldklkIjogIjEwMDAxIiwgIm5hbWUiOiAiXHU3M2FmXHU3NDAzXHU0ZTJkXHU1ZmMzXHU1OTI5XHU1ODAyXHU2ZDMyXHU5NjQ1XHU1OTI3XHU5OTZkXHU1ZTk3IiwgImhlYWx0aFNjb3JlIjogODIsICJldk9yZGVyIjogIlA5MDkiLCAiYWRkcmVzcyI6ICJcdTU2ZGJcdTVkZGRcdTc3MDFcdTYyMTBcdTkwZmRcdTVlMDJcdTlhZDhcdTY1YjBcdTUzM2FcdTU5MjlcdTVlOWNcdTU5MjdcdTkwNTNcdTUzMTdcdTZiYjUxNzAwXHU1M2Y3In0sIHsiYXR0ZW50aW9uRmxhZyI6IDIsICJldklkIjogIjEwMDAzIiwgIm5hbWUiOiAiXHU3M2FmXHU3NDAzXHU0ZTJkXHU1ZmMzXHU1OTI5XHU1ODAyXHU2ZDMyXHU5NjQ1XHU1OTI3XHU5OTZkXHU1ZTk3IiwgImhlYWx0aFNjb3JlIjogODAsICJldk9yZGVyIjogIlA5MDgiLCAiYWRkcmVzcyI6ICJcdTU2ZGJcdTVkZGRcdTc3MDFcdTYyMTBcdTkwZmRcdTVlMDJcdTlhZDhcdTY1YjBcdTUzM2FcdTU5MjlcdTVlOWNcdTU5MjdcdTkwNTNcdTUzMTdcdTZiYjUxNzAwXHU1M2Y3In0sIHsiYXR0ZW50aW9uRmxhZyI6IDIsICJldklkIjogIjEwMDA3IiwgIm5hbWUiOiAiXHU3M2FmXHU3NDAzXHU0ZTJkXHU1ZmMzXHU1OTI5XHU1ODAyXHU2ZDMyXHU5NjQ1XHU1OTI3XHU5OTZkXHU1ZTk3IiwgImhlYWx0aFNjb3JlIjogODUsICJldk9yZGVyIjogIkVTNDEtMDEiLCAiYWRkcmVzcyI6ICJcdTU2ZGJcdTVkZGRcdTc3MDFcdTYyMTBcdTkwZmRcdTVlMDJcdTlhZDhcdTY1YjBcdTUzM2FcdTU5MjlcdTVlOWNcdTU5MjdcdTkwNTNcdTUzMTdcdTZiYjUxNzAwXHU1M2Y3In0sIHsiYXR0ZW50aW9uRmxhZyI6IDIsICJldklkIjogIjEwMDA5IiwgIm5hbWUiOiAiXHU3M2FmXHU3NDAzXHU0ZTJkXHU1ZmMzXHU1OTI5XHU1ODAyXHU2ZDMyXHU5NjQ1XHU1OTI3XHU5OTZkXHU1ZTk3IiwgImhlYWx0aFNjb3JlIjogODAsICJldk9yZGVyIjogIkVTNDEtMDIiLCAiYWRkcmVzcyI6ICJcdTU2ZGJcdTVkZGRcdTc3MDFcdTYyMTBcdTkwZmRcdTVlMDJcdTlhZDhcdTY1YjBcdTUzM2FcdTU5MjlcdTVlOWNcdTU5MjdcdTkwNTNcdTUzMTdcdTZiYjUxNzAwXHU1M2Y3In0sIHsiYXR0ZW50aW9uRmxhZyI6IDIsICJldklkIjogIjEwMDgxIiwgIm5hbWUiOiAiXHU3M2FmXHU3NDAzXHU0ZTJkXHU1ZmMzXHU1OTI5XHU1ODAyXHU2ZDMyXHU5NjQ1XHU1OTI3XHU5OTZkXHU1ZTk3IiwgImhlYWx0aFNjb3JlIjogODUsICJldk9yZGVyIjogIlM5MDQiLCAiYWRkcmVzcyI6ICJcdTU2ZGJcdTVkZGRcdTc3MDFcdTYyMTBcdTkwZmRcdTVlMDJcdTlhZDhcdTY1YjBcdTUzM2FcdTU5MjlcdTVlOWNcdTU5MjdcdTkwNTNcdTUzMTdcdTZiYjUxNzAwXHU1M2Y3In0sIHsiYXR0ZW50aW9uRmxhZyI6IDIsICJldklkIjogIjEwMDg5IiwgIm5hbWUiOiAiXHU3M2FmXHU3NDAzXHU0ZTJkXHU1ZmMzXHU1OTI5XHU1ODAyXHU2ZDMyXHU5NjQ1XHU1OTI3XHU5OTZkXHU1ZTk3IiwgImhlYWx0aFNjb3JlIjogODMsICJldk9yZGVyIjogIlM3MDUiLCAiYWRkcmVzcyI6ICJcdTU2ZGJcdTVkZGRcdTc3MDFcdTYyMTBcdTkwZmRcdTVlMDJcdTlhZDhcdTY1YjBcdTUzM2FcdTU5MjlcdTVlOWNcdTU5MjdcdTkwNTNcdTUzMTdcdTZiYjUxNzAwXHU1M2Y3In0sIHsiYXR0ZW50aW9uRmxhZyI6IDIsICJldklkIjogIjEwMDkxIiwgIm5hbWUiOiAiXHU3M2FmXHU3NDAzXHU0ZTJkXHU1ZmMzXHU1OTI5XHU1ODAyXHU2ZDMyXHU5NjQ1XHU1OTI3XHU5OTZkXHU1ZTk3IiwgImhlYWx0aFNjb3JlIjogODcsICJldk9yZGVyIjogIlM2MDEiLCAiYWRkcmVzcyI6ICJcdTU2ZGJcdTVkZGRcdTc3MDFcdTYyMTBcdTkwZmRcdTVlMDJcdTlhZDhcdTY1YjBcdTUzM2FcdTU5MjlcdTVlOWNcdTU5MjdcdTkwNTNcdTUzMTdcdTZiYjUxNzAwXHU1M2Y3In0sIHsiYXR0ZW50aW9uRmxhZyI6IDIsICJldklkIjogIjEwMDkzIiwgIm5hbWUiOiAiXHU3M2FmXHU3NDAzXHU0ZTJkXHU1ZmMzXHU1OTI5XHU1ODAyXHU2ZDMyXHU5NjQ1XHU1OTI3XHU5OTZkXHU1ZTk3IiwgImhlYWx0aFNjb3JlIjogODYsICJldk9yZGVyIjogIlM2MDIiLCAiYWRkcmVzcyI6ICJcdTU2ZGJcdTVkZGRcdTc3MDFcdTYyMTBcdTkwZmRcdTVlMDJcdTlhZDhcdTY1YjBcdTUzM2FcdTU5MjlcdTVlOWNcdTU5MjdcdTkwNTNcdTUzMTdcdTZiYjUxNzAwXHU1M2Y3In1dfQ==', 'tokenStr': 'MTc2OF90b2tlbl8xNTQ0MDY0Mzc5MDI0LCwsMTU0NDA2NDM3OTAyNA=='}
------操作成功------
{'code': 0, 'message': '操作成功', 'obj': 'eyJwYWAAhLqZL&amHoLhddlIjogMSwgInBhZ2VTaXplIjogMjAsICJ0b3RhbENvdW50IjogMTQyNSwgInRvdGFsUGFnZSI6IDcyLCAicmVzdWx0IjogW3siYXR0ZW50aW9uRmxhZyI6IDIsICJldklkIjogIjk5NzUiLCAibmFtZSI6ICJcdTczYWZcdTc0MDNcdTRlMmRcdTVmYzNcdTU5MjlcdTU4MDJcdTZkMzJcdTk2NDVcdTU5MjdcdTk5NmRcdTVlOTciLCAiaGVhbHRoU2NvcmUiOiA4NiwgImV2T3JkZXIiOiAiUzkwNiIsICJhZGRyZXNzIjogIlx1NTZkYlx1NWRkZFx1NzcwMVx1NjIxMFx1OTBmZFx1NWUwMlx1OWFkOFx1NjViMFx1NTMzYVx1NTkyOVx1NWU5Y1x1NTkyN1x1OTA1M1x1NTMxN1x1NmJiNTE3MDBcdTUzZjcifSwgeyJhdHRlbnRpb25GbGFnIjogMiwgImV2SWQiOiAiOTk3NyIsICJuYW1lIjogIlx1NzNhZlx1NzQwM1x1NGUyZFx1NWZjM1x1NTkyOVx1NTgwMlx1NmQzMlx1OTY0NVx1NTkyN1x1OTk2ZFx1NWU5NyIsICJoZWFsdGhTY29yZSI6IDkwLCAiZXZPcmRlciI6ICJTOTA1IiwgImFkZHJlc3MiOiAiXHU1NmRiXHU1ZGRkXHU3NzAxXHU2MjEwXHU5MGZkXHU1ZTAyXHU5YWQ4XHU2NWIwXHU1MzNhXHU1OTI5XHU1ZTljXHU1OTI3XHU5MDUzXHU1MzE3XHU2YmI1MTcwMFx1NTNmNyJ9LCB7ImF0dGVudGlvbkZsYWciOiAyLCAiZXZJZCI6ICI5OTc5IiwgIm5hbWUiOiAiXHU3M2FmXHU3NDAzXHU0ZTJkXHU1ZmMzXHU1OTI5XHU1ODAyXHU2ZDMyXHU5NjQ1XHU1OTI3XHU5OTZkXHU1ZTk3IiwgImhlYWx0aFNjb3JlIjogOTAsICJldk9yZGVyIjogIlM4MDEiLCAiYWRkcmVzcyI6ICJcdTU2ZGJcdTVkZGRcdTc3MDFcdTYyMTBcdTkwZmRcdTVlMDJcdTlhZDhcdTY1YjBcdTUzM2FcdTU5MjlcdTVlOWNcdTU5MjdcdTkwNTNcdTUzMTdcdTZiYjUxNzAwXHU1M2Y3In0sIHsiYXR0ZW50aW9uRmxhZyI6IDIsICJldklkIjogIjk5ODEiLCAibmFtZSI6ICJcdTczYWZcdTc0MDNcdTRlMmRcdTVmYzNcdTU5MjlcdTU4MDJcdTZkMzJcdTk2NDVcdTU5MjdcdTk5NmRcdTVlOTciLCAiaGVhbHRoU2NvcmUiOiA4MCwgImV2T3JkZXIiOiAiUzUwMSIsICJhZGRyZXNzIjogIlx1NTZkYlx1NWRkZFx1NzcwMVx1NjIxMFx1OTBmZFx1NWUwMlx1OWFkOFx1NjViMFx1NTMzYVx1NTkyOVx1NWU5Y1x1NTkyN1x1OTA1M1x1NTMxN1x1NmJiNTE3MDBcdTUzZjcifSwgeyJhdHRlbnRpb25GbGFnIjogMiwgImV2SWQiOiAiOTk4NSIsICJuYW1lIjogIlx1NzNhZlx1NzQwM1x1NGUyZFx1NWZjM1x1NTkyOVx1NTgwMlx1NmQzMlx1OTY0NVx1NTkyN1x1OTk2ZFx1NWU5NyIsICJoZWFsdGhTY29yZSI6IDkwLCAiZXZPcmRlciI6ICJTOTAzIiwgImFkZHJlc3MiOiAiXHU1NmRiXHU1ZGRkXHU3NzAxXHU2MjEwXHU5MGZkXHU1ZTAyXHU5YWQ4XHU2NWIwXHU1MzNhXHU1OTI5XHU1ZTljXHU1OTI3XHU5MDUzXHU1MzE3XHU2YmI1MTcwMFx1NTNmNyJ9LCB7ImF0dGVudGlvbkZsYWciOiAyLCAiZXZJZCI6ICI5OTg3IiwgIm5hbWUiOiAiXHU3M2FmXHU3NDAzXHU0ZTJkXHU1ZmMzXHU1OTI5XHU1ODAyXHU2ZDMyXHU5NjQ1XHU1OTI3XHU5OTZkXHU1ZTk3IiwgImhlYWx0aFNjb3JlIjogODMsICJldk9yZGVyIjogIlM5MDIiLCAiYWRkcmVzcyI6ICJcdTU2ZGJcdTVkZGRcdTc3MDFcdTYyMTBcdTkwZmRcdTVlMDJcdTlhZDhcdTY1YjBcdTUzM2FcdTU5MjlcdTVlOWNcdTU5MjdcdTkwNTNcdTUzMTdcdTZiYjUxNzAwXHU1M2Y3In0sIHsiYXR0ZW50aW9uRmxhZyI6IDIsICJldklkIjogIjk5ODkiLCAibmFtZSI6ICJcdTczYWZcdTc0MDNcdTRlMmRcdTVmYzNcdTU5MjlcdTU4MDJcdTZkMzJcdTk2NDVcdTU5MjdcdTk5NmRcdTVlOTciLCAiaGVhbHRoU2NvcmUiOiA4NSwgImV2T3JkZXIiOiAiUzkwMSIsICJhZGRyZXNzIjogIlx1NTZkYlx1NWRkZFx1NzcwMVx1NjIxMFx1OTBmZFx1NWUwMlx1OWFkOFx1NjViMFx1NTMzYVx1NTkyOVx1NWU5Y1x1NTkyN1x1OTA1M1x1NTMxN1x1NmJiNTE3MDBcdTUzZjcifSwgeyJhdHRlbnRpb25GbGFnIjogMiwgImV2SWQiOiAiOTk5MSIsICJuYW1lIjogIlx1NzNhZlx1NzQwM1x1NGUyZFx1NWZjM1x1NTkyOVx1NTgwMlx1NmQzMlx1OTY0NVx1NTkyN1x1OTk2ZFx1NWU5NyIsICJoZWFsdGhTY29yZSI6IDg1LCAiZXZPcmRlciI6ICJQOTEzIiwgImFkZHJlc3MiOiAiXHU1NmRiXHU1ZGRkXHU3NzAxXHU2MjEwXHU5MGZkXHU1ZTAyXHU5YWQ4XHU2NWIwXHU1MzNhXHU1OTI5XHU1ZTljXHU1OTI3XHU5MDUzXHU1MzE3XHU2YmI1MTcwMFx1NTNmNyJ9LCB7ImF0dGVudGlvbkZsYWciOiAyLCAiZXZJZCI6ICI5OTkzIiwgIm5hbWUiOiAiXHU3M2FmXHU3NDAzXHU0ZTJkXHU1ZmMzXHU1OTI5XHU1ODAyXHU2ZDMyXHU5NjQ1XHU1OTI3XHU5OTZkXHU1ZTk3IiwgImhlYWx0aFNjb3JlIjogODEsICJldk9yZGVyIjogIlA4MDgiLCAiYWRkcmVzcyI6ICJcdTU2ZGJcdTVkZGRcdTc3MDFcdTYyMTBcdTkwZmRcdTVlMDJcdTlhZDhcdTY1YjBcdTUzM2FcdTU5MjlcdTVlOWNcdTU5MjdcdTkwNTNcdTUzMTdcdTZiYjUxNzAwXHU1M2Y3In0sIHsiYXR0ZW50aW9uRmxhZyI6IDIsICJldklkIjogIjk5OTUiLCAibmFtZSI6ICJcdTczYWZcdTc0MDNcdTRlMmRcdTVmYzNcdTU5MjlcdTU4MDJcdTZkMzJcdTk2NDVcdTU5MjdcdTk5NmRcdTVlOTciLCAiaGVhbHRoU2NvcmUiOiA4OCwgImV2T3JkZXIiOiAiUDUwNCIsICJhZGRyZXNzIjogIlx1NTZkYlx1NWRkZFx1NzcwMVx1NjIxMFx1OTBmZFx1NWUwMlx1OWFkOFx1NjViMFx1NTMzYVx1NTkyOVx1NWU5Y1x1NTkyN1x1OTA1M1x1NTMxN1x1NmJiNTE3MDBcdTUzZjcifSwgeyJhdHRlbnRpb25GbGFnIjogMiwgImV2SWQiOiAiOTk5NyIsICJuYW1lIjogIlx1NzNhZlx1NzQwM1x1NGUyZFx1NWZjM1x1NTkyOVx1NTgwMlx1NmQzMlx1OTY0NVx1NTkyN1x1OTk2ZFx1NWU5NyIsICJoZWFsdGhTY29yZSI6IDgxLCAiZXZPcmRlciI6ICJQOTE1IiwgImFkZHJlc3MiOiAiXHU1NmRiXHU1ZGRkXHU3NzAxXHU2MjEwXHU5MGZkXHU1ZTAyXHU5YWQ4XHU2NWIwXHU1MzNhXHU1OTI5XHU1ZTljXHU1OTI3XHU5MDUzXHU1MzE3XHU2YmI1MTcwMFx1NTNmNyJ9LCB7ImF0dGVudGlvbkZsYWciOiAyLCAiZXZJZCI6ICI5OTk5IiwgIm5hbWUiOiAiXHU3M2FmXHU3NDAzXHU0ZTJkXHU1ZmMzXHU1OTI5XHU1ODAyXHU2ZDMyXHU5NjQ1XHU1OTI3XHU5OTZkXHU1ZTk3IiwgImhlYWx0aFNjb3JlIjogODksICJldk9yZGVyIjogIlA5MTAiLCAiYWRkcmVzcyI6ICJcdTU2ZGJcdTVkZGRcdTc3MDFcdTYyMTBcdTkwZmRcdTVlMDJcdTlhZDhcdTY1YjBcdTUzM2FcdTU5MjlcdTVlOWNcdTU5MjdcdTkwNTNcdTUzMTdcdTZiYjUxNzAwXHU1M2Y3In0sIHsiYXR0ZW50aW9uRmxhZyI6IDIsICJldklkIjogIjEwMDAxIiwgIm5hbWUiOiAiXHU3M2FmXHU3NDAzXHU0ZTJkXHU1ZmMzXHU1OTI5XHU1ODAyXHU2ZDMyXHU5NjQ1XHU1OTI3XHU5OTZkXHU1ZTk3IiwgImhlYWx0aFNjb3JlIjogODIsICJldk9yZGVyIjogIlA5MDkiLCAiYWRkcmVzcyI6ICJcdTU2ZGJcdTVkZGRcdTc3MDFcdTYyMTBcdTkwZmRcdTVlMDJcdTlhZDhcdTY1YjBcdTUzM2FcdTU5MjlcdTVlOWNcdTU5MjdcdTkwNTNcdTUzMTdcdTZiYjUxNzAwXHU1M2Y3In0sIHsiYXR0ZW50aW9uRmxhZyI6IDIsICJldklkIjogIjEwMDAzIiwgIm5hbWUiOiAiXHU3M2FmXHU3NDAzXHU0ZTJkXHU1ZmMzXHU1OTI5XHU1ODAyXHU2ZDMyXHU5NjQ1XHU1OTI3XHU5OTZkXHU1ZTk3IiwgImhlYWx0aFNjb3JlIjogODAsICJldk9yZGVyIjogIlA5MDgiLCAiYWRkcmVzcyI6ICJcdTU2ZGJcdTVkZGRcdTc3MDFcdTYyMTBcdTkwZmRcdTVlMDJcdTlhZDhcdTY1YjBcdTUzM2FcdTU5MjlcdTVlOWNcdTU5MjdcdTkwNTNcdTUzMTdcdTZiYjUxNzAwXHU1M2Y3In0sIHsiYXR0ZW50aW9uRmxhZyI6IDIsICJldklkIjogIjEwMDA3IiwgIm5hbWUiOiAiXHU3M2FmXHU3NDAzXHU0ZTJkXHU1ZmMzXHU1OTI5XHU1ODAyXHU2ZDMyXHU5NjQ1XHU1OTI3XHU5OTZkXHU1ZTk3IiwgImhlYWx0aFNjb3JlIjogODUsICJldk9yZGVyIjogIkVTNDEtMDEiLCAiYWRkcmVzcyI6ICJcdTU2ZGJcdTVkZGRcdTc3MDFcdTYyMTBcdTkwZmRcdTVlMDJcdTlhZDhcdTY1YjBcdTUzM2FcdTU5MjlcdTVlOWNcdTU5MjdcdTkwNTNcdTUzMTdcdTZiYjUxNzAwXHU1M2Y3In0sIHsiYXR0ZW50aW9uRmxhZyI6IDIsICJldklkIjogIjEwMDA5IiwgIm5hbWUiOiAiXHU3M2FmXHU3NDAzXHU0ZTJkXHU1ZmMzXHU1OTI5XHU1ODAyXHU2ZDMyXHU5NjQ1XHU1OTI3XHU5OTZkXHU1ZTk3IiwgImhlYWx0aFNjb3JlIjogODAsICJldk9yZGVyIjogIkVTNDEtMDIiLCAiYWRkcmVzcyI6ICJcdTU2ZGJcdTVkZGRcdTc3MDFcdTYyMTBcdTkwZmRcdTVlMDJcdTlhZDhcdTY1YjBcdTUzM2FcdTU5MjlcdTVlOWNcdTU5MjdcdTkwNTNcdTUzMTdcdTZiYjUxNzAwXHU1M2Y3In0sIHsiYXR0ZW50aW9uRmxhZyI6IDIsICJldklkIjogIjEwMDgxIiwgIm5hbWUiOiAiXHU3M2FmXHU3NDAzXHU0ZTJkXHU1ZmMzXHU1OTI5XHU1ODAyXHU2ZDMyXHU5NjQ1XHU1OTI3XHU5OTZkXHU1ZTk3IiwgImhlYWx0aFNjb3JlIjogODUsICJldk9yZGVyIjogIlM5MDQiLCAiYWRkcmVzcyI6ICJcdTU2ZGJcdTVkZGRcdTc3MDFcdTYyMTBcdTkwZmRcdTVlMDJcdTlhZDhcdTY1YjBcdTUzM2FcdTU5MjlcdTVlOWNcdTU5MjdcdTkwNTNcdTUzMTdcdTZiYjUxNzAwXHU1M2Y3In0sIHsiYXR0ZW50aW9uRmxhZyI6IDIsICJldklkIjogIjEwMDg5IiwgIm5hbWUiOiAiXHU3M2FmXHU3NDAzXHU0ZTJkXHU1ZmMzXHU1OTI5XHU1ODAyXHU2ZDMyXHU5NjQ1XHU1OTI3XHU5OTZkXHU1ZTk3IiwgImhlYWx0aFNjb3JlIjogODMsICJldk9yZGVyIjogIlM3MDUiLCAiYWRkcmVzcyI6ICJcdTU2ZGJcdTVkZGRcdTc3MDFcdTYyMTBcdTkwZmRcdTVlMDJcdTlhZDhcdTY1YjBcdTUzM2FcdTU5MjlcdTVlOWNcdTU5MjdcdTkwNTNcdTUzMTdcdTZiYjUxNzAwXHU1M2Y3In0sIHsiYXR0ZW50aW9uRmxhZyI6IDIsICJldklkIjogIjEwMDkxIiwgIm5hbWUiOiAiXHU3M2FmXHU3NDAzXHU0ZTJkXHU1ZmMzXHU1OTI5XHU1ODAyXHU2ZDMyXHU5NjQ1XHU1OTI3XHU5OTZkXHU1ZTk3IiwgImhlYWx0aFNjb3JlIjogODcsICJldk9yZGVyIjogIlM2MDEiLCAiYWRkcmVzcyI6ICJcdTU2ZGJcdTVkZGRcdTc3MDFcdTYyMTBcdTkwZmRcdTVlMDJcdTlhZDhcdTY1YjBcdTUzM2FcdTU5MjlcdTVlOWNcdTU5MjdcdTkwNTNcdTUzMTdcdTZiYjUxNzAwXHU1M2Y3In0sIHsiYXR0ZW50aW9uRmxhZyI6IDIsICJldklkIjogIjEwMDkzIiwgIm5hbWUiOiAiXHU3M2FmXHU3NDAzXHU0ZTJkXHU1ZmMzXHU1OTI5XHU1ODAyXHU2ZDMyXHU5NjQ1XHU1OTI3XHU5OTZkXHU1ZTk3IiwgImhlYWx0aFNjb3JlIjogODYsICJldk9yZGVyIjogIlM2MDIiLCAiYWRkcmVzcyI6ICJcdTU2ZGJcdTVkZGRcdTc3MDFcdTYyMTBcdTkwZmRcdTVlMDJcdTlhZDhcdTY1YjBcdTUzM2FcdTU5MjlcdTVlOWNcdTU5MjdcdTkwNTNcdTUzMTdcdTZiYjUxNzAwXHU1M2Y3In1dfQ==', 'tokenStr': 'MTc2OF90b2tlbl8xNTQ0MDY0Mzc5MDI0LCwsMTU0NDA2NDM3OTAyNA=='}
------操作成功------
{'code': 0, 'message': '操作成功', 'obj': 'eyJwYWAAhLqZL&amHoLhddlIjogMSwgInBhZ2VTaXplIjogMjAsICJ0b3RhbENvdW50IjogMTQyNSwgInRvdGFsUGFnZSI6IDcyLCAicmVzdWx0IjogW3siYXR0ZW50aW9uRmxhZyI6IDIsICJldklkIjogIjk5NzUiLCAibmFtZSI6ICJcdTczYWZcdTc0MDNcdTRlMmRcdTVmYzNcdTU5MjlcdTU4MDJcdTZkMzJcdTk2NDVcdTU5MjdcdTk5NmRcdTVlOTciLCAiaGVhbHRoU2NvcmUiOiA4NiwgImV2T3JkZXIiOiAiUzkwNiIsICJhZGRyZXNzIjogIlx1NTZkYlx1NWRkZFx1NzcwMVx1NjIxMFx1OTBmZFx1NWUwMlx1OWFkOFx1NjViMFx1NTMzYVx1NTkyOVx1NWU5Y1x1NTkyN1x1OTA1M1x1NTMxN1x1NmJiNTE3MDBcdTUzZjcifSwgeyJhdHRlbnRpb25GbGFnIjogMiwgImV2SWQiOiAiOTk3NyIsICJuYW1lIjogIlx1NzNhZlx1NzQwM1x1NGUyZFx1NWZjM1x1NTkyOVx1NTgwMlx1NmQzMlx1OTY0NVx1NTkyN1x1OTk2ZFx1NWU5NyIsICJoZWFsdGhTY29yZSI6IDkwLCAiZXZPcmRlciI6ICJTOTA1IiwgImFkZHJlc3MiOiAiXHU1NmRiXHU1ZGRkXHU3NzAxXHU2MjEwXHU5MGZkXHU1ZTAyXHU5YWQ4XHU2NWIwXHU1MzNhXHU1OTI5XHU1ZTljXHU1OTI3XHU5MDUzXHU1MzE3XHU2YmI1MTcwMFx1NTNmNyJ9LCB7ImF0dGVudGlvbkZsYWciOiAyLCAiZXZJZCI6ICI5OTc5IiwgIm5hbWUiOiAiXHU3M2FmXHU3NDAzXHU0ZTJkXHU1ZmMzXHU1OTI5XHU1ODAyXHU2ZDMyXHU5NjQ1XHU1OTI3XHU5OTZkXHU1ZTk3IiwgImhlYWx0aFNjb3JlIjogOTAsICJldk9yZGVyIjogIlM4MDEiLCAiYWRkcmVzcyI6ICJcdTU2ZGJcdTVkZGRcdTc3MDFcdTYyMTBcdTkwZmRcdTVlMDJcdTlhZDhcdTY1YjBcdTUzM2FcdTU5MjlcdTVlOWNcdTU5MjdcdTkwNTNcdTUzMTdcdTZiYjUxNzAwXHU1M2Y3In0sIHsiYXR0ZW50aW9uRmxhZyI6IDIsICJldklkIjogIjk5ODEiLCAibmFtZSI6ICJcdTczYWZcdTc0MDNcdTRlMmRcdTVmYzNcdTU5MjlcdTU4MDJcdTZkMzJcdTk2NDVcdTU5MjdcdTk5NmRcdTVlOTciLCAiaGVhbHRoU2NvcmUiOiA4MCwgImV2T3JkZXIiOiAiUzUwMSIsICJhZGRyZXNzIjogIlx1NTZkYlx1NWRkZFx1NzcwMVx1NjIxMFx1OTBmZFx1NWUwMlx1OWFkOFx1NjViMFx1NTMzYVx1NTkyOVx1NWU5Y1x1NTkyN1x1OTA1M1x1NTMxN1x1NmJiNTE3MDBcdTUzZjcifSwgeyJhdHRlbnRpb25GbGFnIjogMiwgImV2SWQiOiAiOTk4NSIsICJuYW1lIjogIlx1NzNhZlx1NzQwM1x1NGUyZFx1NWZjM1x1NTkyOVx1NTgwMlx1NmQzMlx1OTY0NVx1NTkyN1x1OTk2ZFx1NWU5NyIsICJoZWFsdGhTY29yZSI6IDkwLCAiZXZPcmRlciI6ICJTOTAzIiwgImFkZHJlc3MiOiAiXHU1NmRiXHU1ZGRkXHU3NzAxXHU2MjEwXHU5MGZkXHU1ZTAyXHU5YWQ4XHU2NWIwXHU1MzNhXHU1OTI5XHU1ZTljXHU1OTI3XHU5MDUzXHU1MzE3XHU2YmI1MTcwMFx1NTNmNyJ9LCB7ImF0dGVudGlvbkZsYWciOiAyLCAiZXZJZCI6ICI5OTg3IiwgIm5hbWUiOiAiXHU3M2FmXHU3NDAzXHU0ZTJkXHU1ZmMzXHU1OTI5XHU1ODAyXHU2ZDMyXHU5NjQ1XHU1OTI3XHU5OTZkXHU1ZTk3IiwgImhlYWx0aFNjb3JlIjogODMsICJldk9yZGVyIjogIlM5MDIiLCAiYWRkcmVzcyI6ICJcdTU2ZGJcdTVkZGRcdTc3MDFcdTYyMTBcdTkwZmRcdTVlMDJcdTlhZDhcdTY1YjBcdTUzM2FcdTU5MjlcdTVlOWNcdTU5MjdcdTkwNTNcdTUzMTdcdTZiYjUxNzAwXHU1M2Y3In0sIHsiYXR0ZW50aW9uRmxhZyI6IDIsICJldklkIjogIjk5ODkiLCAibmFtZSI6ICJcdTczYWZcdTc0MDNcdTRlMmRcdTVmYzNcdTU5MjlcdTU4MDJcdTZkMzJcdTk2NDVcdTU5MjdcdTk5NmRcdTVlOTciLCAiaGVhbHRoU2NvcmUiOiA4NSwgImV2T3JkZXIiOiAiUzkwMSIsICJhZGRyZXNzIjogIlx1NTZkYlx1NWRkZFx1NzcwMVx1NjIxMFx1OTBmZFx1NWUwMlx1OWFkOFx1NjViMFx1NTMzYVx1NTkyOVx1NWU5Y1x1NTkyN1x1OTA1M1x1NTMxN1x1NmJiNTE3MDBcdTUzZjcifSwgeyJhdHRlbnRpb25GbGFnIjogMiwgImV2SWQiOiAiOTk5MSIsICJuYW1lIjogIlx1NzNhZlx1NzQwM1x1NGUyZFx1NWZjM1x1NTkyOVx1NTgwMlx1NmQzMlx1OTY0NVx1NTkyN1x1OTk2ZFx1NWU5NyIsICJoZWFsdGhTY29yZSI6IDg1LCAiZXZPcmRlciI6ICJQOTEzIiwgImFkZHJlc3MiOiAiXHU1NmRiXHU1ZGRkXHU3NzAxXHU2MjEwXHU5MGZkXHU1ZTAyXHU5YWQ4XHU2NWIwXHU1MzNhXHU1OTI5XHU1ZTljXHU1OTI3XHU5MDUzXHU1MzE3XHU2YmI1MTcwMFx1NTNmNyJ9LCB7ImF0dGVudGlvbkZsYWciOiAyLCAiZXZJZCI6ICI5OTkzIiwgIm5hbWUiOiAiXHU3M2FmXHU3NDAzXHU0ZTJkXHU1ZmMzXHU1OTI5XHU1ODAyXHU2ZDMyXHU5NjQ1XHU1OTI3XHU5OTZkXHU1ZTk3IiwgImhlYWx0aFNjb3JlIjogODEsICJldk9yZGVyIjogIlA4MDgiLCAiYWRkcmVzcyI6ICJcdTU2ZGJcdTVkZGRcdTc3MDFcdTYyMTBcdTkwZmRcdTVlMDJcdTlhZDhcdTY1YjBcdTUzM2FcdTU5MjlcdTVlOWNcdTU5MjdcdTkwNTNcdTUzMTdcdTZiYjUxNzAwXHU1M2Y3In0sIHsiYXR0ZW50aW9uRmxhZyI6IDIsICJldklkIjogIjk5OTUiLCAibmFtZSI6ICJcdTczYWZcdTc0MDNcdTRlMmRcdTVmYzNcdTU5MjlcdTU4MDJcdTZkMzJcdTk2NDVcdTU5MjdcdTk5NmRcdTVlOTciLCAiaGVhbHRoU2NvcmUiOiA4OCwgImV2T3JkZXIiOiAiUDUwNCIsICJhZGRyZXNzIjogIlx1NTZkYlx1NWRkZFx1NzcwMVx1NjIxMFx1OTBmZFx1NWUwMlx1OWFkOFx1NjViMFx1NTMzYVx1NTkyOVx1NWU5Y1x1NTkyN1x1OTA1M1x1NTMxN1x1NmJiNTE3MDBcdTUzZjcifSwgeyJhdHRlbnRpb25GbGFnIjogMiwgImV2SWQiOiAiOTk5NyIsICJuYW1lIjogIlx1NzNhZlx1NzQwM1x1NGUyZFx1NWZjM1x1NTkyOVx1NTgwMlx1NmQzMlx1OTY0NVx1NTkyN1x1OTk2ZFx1NWU5NyIsICJoZWFsdGhTY29yZSI6IDgxLCAiZXZPcmRlciI6ICJQOTE1IiwgImFkZHJlc3MiOiAiXHU1NmRiXHU1ZGRkXHU3NzAxXHU2MjEwXHU5MGZkXHU1ZTAyXHU5YWQ4XHU2NWIwXHU1MzNhXHU1OTI5XHU1ZTljXHU1OTI3XHU5MDUzXHU1MzE3XHU2YmI1MTcwMFx1NTNmNyJ9LCB7ImF0dGVudGlvbkZsYWciOiAyLCAiZXZJZCI6ICI5OTk5IiwgIm5hbWUiOiAiXHU3M2FmXHU3NDAzXHU0ZTJkXHU1ZmMzXHU1OTI5XHU1ODAyXHU2ZDMyXHU5NjQ1XHU1OTI3XHU5OTZkXHU1ZTk3IiwgImhlYWx0aFNjb3JlIjogODksICJldk9yZGVyIjogIlA5MTAiLCAiYWRkcmVzcyI6ICJcdTU2ZGJcdTVkZGRcdTc3MDFcdTYyMTBcdTkwZmRcdTVlMDJcdTlhZDhcdTY1YjBcdTUzM2FcdTU5MjlcdTVlOWNcdTU5MjdcdTkwNTNcdTUzMTdcdTZiYjUxNzAwXHU1M2Y3In0sIHsiYXR0ZW50aW9uRmxhZyI6IDIsICJldklkIjogIjEwMDAxIiwgIm5hbWUiOiAiXHU3M2FmXHU3NDAzXHU0ZTJkXHU1ZmMzXHU1OTI5XHU1ODAyXHU2ZDMyXHU5NjQ1XHU1OTI3XHU5OTZkXHU1ZTk3IiwgImhlYWx0aFNjb3JlIjogODIsICJldk9yZGVyIjogIlA5MDkiLCAiYWRkcmVzcyI6ICJcdTU2ZGJcdTVkZGRcdTc3MDFcdTYyMTBcdTkwZmRcdTVlMDJcdTlhZDhcdTY1YjBcdTUzM2FcdTU5MjlcdTVlOWNcdTU5MjdcdTkwNTNcdTUzMTdcdTZiYjUxNzAwXHU1M2Y3In0sIHsiYXR0ZW50aW9uRmxhZyI6IDIsICJldklkIjogIjEwMDAzIiwgIm5hbWUiOiAiXHU3M2FmXHU3NDAzXHU0ZTJkXHU1ZmMzXHU1OTI5XHU1ODAyXHU2ZDMyXHU5NjQ1XHU1OTI3XHU5OTZkXHU1ZTk3IiwgImhlYWx0aFNjb3JlIjogODAsICJldk9yZGVyIjogIlA5MDgiLCAiYWRkcmVzcyI6ICJcdTU2ZGJcdTVkZGRcdTc3MDFcdTYyMTBcdTkwZmRcdTVlMDJcdTlhZDhcdTY1YjBcdTUzM2FcdTU5MjlcdTVlOWNcdTU5MjdcdTkwNTNcdTUzMTdcdTZiYjUxNzAwXHU1M2Y3In0sIHsiYXR0ZW50aW9uRmxhZyI6IDIsICJldklkIjogIjEwMDA3IiwgIm5hbWUiOiAiXHU3M2FmXHU3NDAzXHU0ZTJkXHU1ZmMzXHU1OTI5XHU1ODAyXHU2ZDMyXHU5NjQ1XHU1OTI3XHU5OTZkXHU1ZTk3IiwgImhlYWx0aFNjb3JlIjogODUsICJldk9yZGVyIjogIkVTNDEtMDEiLCAiYWRkcmVzcyI6ICJcdTU2ZGJcdTVkZGRcdTc3MDFcdTYyMTBcdTkwZmRcdTVlMDJcdTlhZDhcdTY1YjBcdTUzM2FcdTU5MjlcdTVlOWNcdTU5MjdcdTkwNTNcdTUzMTdcdTZiYjUxNzAwXHU1M2Y3In0sIHsiYXR0ZW50aW9uRmxhZyI6IDIsICJldklkIjogIjEwMDA5IiwgIm5hbWUiOiAiXHU3M2FmXHU3NDAzXHU0ZTJkXHU1ZmMzXHU1OTI5XHU1ODAyXHU2ZDMyXHU5NjQ1XHU1OTI3XHU5OTZkXHU1ZTk3IiwgImhlYWx0aFNjb3JlIjogODAsICJldk9yZGVyIjogIkVTNDEtMDIiLCAiYWRkcmVzcyI6ICJcdTU2ZGJcdTVkZGRcdTc3MDFcdTYyMTBcdTkwZmRcdTVlMDJcdTlhZDhcdTY1YjBcdTUzM2FcdTU5MjlcdTVlOWNcdTU5MjdcdTkwNTNcdTUzMTdcdTZiYjUxNzAwXHU1M2Y3In0sIHsiYXR0ZW50aW9uRmxhZyI6IDIsICJldklkIjogIjEwMDgxIiwgIm5hbWUiOiAiXHU3M2FmXHU3NDAzXHU0ZTJkXHU1ZmMzXHU1OTI5XHU1ODAyXHU2ZDMyXHU5NjQ1XHU1OTI3XHU5OTZkXHU1ZTk3IiwgImhlYWx0aFNjb3JlIjogODUsICJldk9yZGVyIjogIlM5MDQiLCAiYWRkcmVzcyI6ICJcdTU2ZGJcdTVkZGRcdTc3MDFcdTYyMTBcdTkwZmRcdTVlMDJcdTlhZDhcdTY1YjBcdTUzM2FcdTU5MjlcdTVlOWNcdTU5MjdcdTkwNTNcdTUzMTdcdTZiYjUxNzAwXHU1M2Y3In0sIHsiYXR0ZW50aW9uRmxhZyI6IDIsICJldklkIjogIjEwMDg5IiwgIm5hbWUiOiAiXHU3M2FmXHU3NDAzXHU0ZTJkXHU1ZmMzXHU1OTI5XHU1ODAyXHU2ZDMyXHU5NjQ1XHU1OTI3XHU5OTZkXHU1ZTk3IiwgImhlYWx0aFNjb3JlIjogODMsICJldk9yZGVyIjogIlM3MDUiLCAiYWRkcmVzcyI6ICJcdTU2ZGJcdTVkZGRcdTc3MDFcdTYyMTBcdTkwZmRcdTVlMDJcdTlhZDhcdTY1YjBcdTUzM2FcdTU5MjlcdTVlOWNcdTU5MjdcdTkwNTNcdTUzMTdcdTZiYjUxNzAwXHU1M2Y3In0sIHsiYXR0ZW50aW9uRmxhZyI6IDIsICJldklkIjogIjEwMDkxIiwgIm5hbWUiOiAiXHU3M2FmXHU3NDAzXHU0ZTJkXHU1ZmMzXHU1OTI5XHU1ODAyXHU2ZDMyXHU5NjQ1XHU1OTI3XHU5OTZkXHU1ZTk3IiwgImhlYWx0aFNjb3JlIjogODcsICJldk9yZGVyIjogIlM2MDEiLCAiYWRkcmVzcyI6ICJcdTU2ZGJcdTVkZGRcdTc3MDFcdTYyMTBcdTkwZmRcdTVlMDJcdTlhZDhcdTY1YjBcdTUzM2FcdTU5MjlcdTVlOWNcdTU5MjdcdTkwNTNcdTUzMTdcdTZiYjUxNzAwXHU1M2Y3In0sIHsiYXR0ZW50aW9uRmxhZyI6IDIsICJldklkIjogIjEwMDkzIiwgIm5hbWUiOiAiXHU3M2FmXHU3NDAzXHU0ZTJkXHU1ZmMzXHU1OTI5XHU1ODAyXHU2ZDMyXHU5NjQ1XHU1OTI3XHU5OTZkXHU1ZTk3IiwgImhlYWx0aFNjb3JlIjogODYsICJldk9yZGVyIjogIlM2MDIiLCAiYWRkcmVzcyI6ICJcdTU2ZGJcdTVkZGRcdTc3MDFcdTYyMTBcdTkwZmRcdTVlMDJcdTlhZDhcdTY1YjBcdTUzM2FcdTU5MjlcdTVlOWNcdTU5MjdcdTkwNTNcdTUzMTdcdTZiYjUxNzAwXHU1M2Y3In1dfQ==', 'tokenStr': 'MTc2OF90b2tlbl8xNTQ0MDY0Mzc5MDI0LCwsMTU0NDA2NDM3OTAyNA=='}
------操作成功------
{'code': 0, 'message': '操作成功', 'obj': 'eyJwYWAAhLqZL&amHoLhddlIjogMSwgInBhZ2VTaXplIjogMjAsICJ0b3RhbENvdW50IjogMTQyNSwgInRvdGFsUGFnZSI6IDcyLCAicmVzdWx0IjogW3siYXR0ZW50aW9uRmxhZyI6IDIsICJldklkIjogIjk5NzUiLCAibmFtZSI6ICJcdTczYWZcdTc0MDNcdTRlMmRcdTVmYzNcdTU5MjlcdTU4MDJcdTZkMzJcdTk2NDVcdTU5MjdcdTk5NmRcdTVlOTciLCAiaGVhbHRoU2NvcmUiOiA4NiwgImV2T3JkZXIiOiAiUzkwNiIsICJhZGRyZXNzIjogIlx1NTZkYlx1NWRkZFx1NzcwMVx1NjIxMFx1OTBmZFx1NWUwMlx1OWFkOFx1NjViMFx1NTMzYVx1NTkyOVx1NWU5Y1x1NTkyN1x1OTA1M1x1NTMxN1x1NmJiNTE3MDBcdTUzZjcifSwgeyJhdHRlbnRpb25GbGFnIjogMiwgImV2SWQiOiAiOTk3NyIsICJuYW1lIjogIlx1NzNhZlx1NzQwM1x1NGUyZFx1NWZjM1x1NTkyOVx1NTgwMlx1NmQzMlx1OTY0NVx1NTkyN1x1OTk2ZFx1NWU5NyIsICJoZWFsdGhTY29yZSI6IDkwLCAiZXZPcmRlciI6ICJTOTA1IiwgImFkZHJlc3MiOiAiXHU1NmRiXHU1ZGRkXHU3NzAxXHU2MjEwXHU5MGZkXHU1ZTAyXHU5YWQ4XHU2NWIwXHU1MzNhXHU1OTI5XHU1ZTljXHU1OTI3XHU5MDUzXHU1MzE3XHU2YmI1MTcwMFx1NTNmNyJ9LCB7ImF0dGVudGlvbkZsYWciOiAyLCAiZXZJZCI6ICI5OTc5IiwgIm5hbWUiOiAiXHU3M2FmXHU3NDAzXHU0ZTJkXHU1ZmMzXHU1OTI5XHU1ODAyXHU2ZDMyXHU5NjQ1XHU1OTI3XHU5OTZkXHU1ZTk3IiwgImhlYWx0aFNjb3JlIjogOTAsICJldk9yZGVyIjogIlM4MDEiLCAiYWRkcmVzcyI6ICJcdTU2ZGJcdTVkZGRcdTc3MDFcdTYyMTBcdTkwZmRcdTVlMDJcdTlhZDhcdTY1YjBcdTUzM2FcdTU5MjlcdTVlOWNcdTU5MjdcdTkwNTNcdTUzMTdcdTZiYjUxNzAwXHU1M2Y3In0sIHsiYXR0ZW50aW9uRmxhZyI6IDIsICJldklkIjogIjk5ODEiLCAibmFtZSI6ICJcdTczYWZcdTc0MDNcdTRlMmRcdTVmYzNcdTU5MjlcdTU4MDJcdTZkMzJcdTk2NDVcdTU5MjdcdTk5NmRcdTVlOTciLCAiaGVhbHRoU2NvcmUiOiA4MCwgImV2T3JkZXIiOiAiUzUwMSIsICJhZGRyZXNzIjogIlx1NTZkYlx1NWRkZFx1NzcwMVx1NjIxMFx1OTBmZFx1NWUwMlx1OWFkOFx1NjViMFx1NTMzYVx1NTkyOVx1NWU5Y1x1NTkyN1x1OTA1M1x1NTMxN1x1NmJiNTE3MDBcdTUzZjcifSwgeyJhdHRlbnRpb25GbGFnIjogMiwgImV2SWQiOiAiOTk4NSIsICJuYW1lIjogIlx1NzNhZlx1NzQwM1x1NGUyZFx1NWZjM1x1NTkyOVx1NTgwMlx1NmQzMlx1OTY0NVx1NTkyN1x1OTk2ZFx1NWU5NyIsICJoZWFsdGhTY29yZSI6IDkwLCAiZXZPcmRlciI6ICJTOTAzIiwgImFkZHJlc3MiOiAiXHU1NmRiXHU1ZGRkXHU3NzAxXHU2MjEwXHU5MGZkXHU1ZTAyXHU5YWQ4XHU2NWIwXHU1MzNhXHU1OTI5XHU1ZTljXHU1OTI3XHU5MDUzXHU1MzE3XHU2YmI1MTcwMFx1NTNmNyJ9LCB7ImF0dGVudGlvbkZsYWciOiAyLCAiZXZJZCI6ICI5OTg3IiwgIm5hbWUiOiAiXHU3M2FmXHU3NDAzXHU0ZTJkXHU1ZmMzXHU1OTI5XHU1ODAyXHU2ZDMyXHU5NjQ1XHU1OTI3XHU5OTZkXHU1ZTk3IiwgImhlYWx0aFNjb3JlIjogODMsICJldk9yZGVyIjogIlM5MDIiLCAiYWRkcmVzcyI6ICJcdTU2ZGJcdTVkZGRcdTc3MDFcdTYyMTBcdTkwZmRcdTVlMDJcdTlhZDhcdTY1YjBcdTUzM2FcdTU5MjlcdTVlOWNcdTU5MjdcdTkwNTNcdTUzMTdcdTZiYjUxNzAwXHU1M2Y3In0sIHsiYXR0ZW50aW9uRmxhZyI6IDIsICJldklkIjogIjk5ODkiLCAibmFtZSI6ICJcdTczYWZcdTc0MDNcdTRlMmRcdTVmYzNcdTU5MjlcdTU4MDJcdTZkMzJcdTk2NDVcdTU5MjdcdTk5NmRcdTVlOTciLCAiaGVhbHRoU2NvcmUiOiA4NSwgImV2T3JkZXIiOiAiUzkwMSIsICJhZGRyZXNzIjogIlx1NTZkYlx1NWRkZFx1NzcwMVx1NjIxMFx1OTBmZFx1NWUwMlx1OWFkOFx1NjViMFx1NTMzYVx1NTkyOVx1NWU5Y1x1NTkyN1x1OTA1M1x1NTMxN1x1NmJiNTE3MDBcdTUzZjcifSwgeyJhdHRlbnRpb25GbGFnIjogMiwgImV2SWQiOiAiOTk5MSIsICJuYW1lIjogIlx1NzNhZlx1NzQwM1x1NGUyZFx1NWZjM1x1NTkyOVx1NTgwMlx1NmQzMlx1OTY0NVx1NTkyN1x1OTk2ZFx1NWU5NyIsICJoZWFsdGhTY29yZSI6IDg1LCAiZXZPcmRlciI6ICJQOTEzIiwgImFkZHJlc3MiOiAiXHU1NmRiXHU1ZGRkXHU3NzAxXHU2MjEwXHU5MGZkXHU1ZTAyXHU5YWQ4XHU2NWIwXHU1MzNhXHU1OTI5XHU1ZTljXHU1OTI3XHU5MDUzXHU1MzE3XHU2YmI1MTcwMFx1NTNmNyJ9LCB7ImF0dGVudGlvbkZsYWciOiAyLCAiZXZJZCI6ICI5OTkzIiwgIm5hbWUiOiAiXHU3M2FmXHU3NDAzXHU0ZTJkXHU1ZmMzXHU1OTI5XHU1ODAyXHU2ZDMyXHU5NjQ1XHU1OTI3XHU5OTZkXHU1ZTk3IiwgImhlYWx0aFNjb3JlIjogODEsICJldk9yZGVyIjogIlA4MDgiLCAiYWRkcmVzcyI6ICJcdTU2ZGJcdTVkZGRcdTc3MDFcdTYyMTBcdTkwZmRcdTVlMDJcdTlhZDhcdTY1YjBcdTUzM2FcdTU5MjlcdTVlOWNcdTU5MjdcdTkwNTNcdTUzMTdcdTZiYjUxNzAwXHU1M2Y3In0sIHsiYXR0ZW50aW9uRmxhZyI6IDIsICJldklkIjogIjk5OTUiLCAibmFtZSI6ICJcdTczYWZcdTc0MDNcdTRlMmRcdTVmYzNcdTU5MjlcdTU4MDJcdTZkMzJcdTk2NDVcdTU5MjdcdTk5NmRcdTVlOTciLCAiaGVhbHRoU2NvcmUiOiA4OCwgImV2T3JkZXIiOiAiUDUwNCIsICJhZGRyZXNzIjogIlx1NTZkYlx1NWRkZFx1NzcwMVx1NjIxMFx1OTBmZFx1NWUwMlx1OWFkOFx1NjViMFx1NTMzYVx1NTkyOVx1NWU5Y1x1NTkyN1x1OTA1M1x1NTMxN1x1NmJiNTE3MDBcdTUzZjcifSwgeyJhdHRlbnRpb25GbGFnIjogMiwgImV2SWQiOiAiOTk5NyIsICJuYW1lIjogIlx1NzNhZlx1NzQwM1x1NGUyZFx1NWZjM1x1NTkyOVx1NTgwMlx1NmQzMlx1OTY0NVx1NTkyN1x1OTk2ZFx1NWU5NyIsICJoZWFsdGhTY29yZSI6IDgxLCAiZXZPcmRlciI6ICJQOTE1IiwgImFkZHJlc3MiOiAiXHU1NmRiXHU1ZGRkXHU3NzAxXHU2MjEwXHU5MGZkXHU1ZTAyXHU5YWQ4XHU2NWIwXHU1MzNhXHU1OTI5XHU1ZTljXHU1OTI3XHU5MDUzXHU1MzE3XHU2YmI1MTcwMFx1NTNmNyJ9LCB7ImF0dGVudGlvbkZsYWciOiAyLCAiZXZJZCI6ICI5OTk5IiwgIm5hbWUiOiAiXHU3M2FmXHU3NDAzXHU0ZTJkXHU1ZmMzXHU1OTI5XHU1ODAyXHU2ZDMyXHU5NjQ1XHU1OTI3XHU5OTZkXHU1ZTk3IiwgImhlYWx0aFNjb3JlIjogODksICJldk9yZGVyIjogIlA5MTAiLCAiYWRkcmVzcyI6ICJcdTU2ZGJcdTVkZGRcdTc3MDFcdTYyMTBcdTkwZmRcdTVlMDJcdTlhZDhcdTY1YjBcdTUzM2FcdTU5MjlcdTVlOWNcdTU5MjdcdTkwNTNcdTUzMTdcdTZiYjUxNzAwXHU1M2Y3In0sIHsiYXR0ZW50aW9uRmxhZyI6IDIsICJldklkIjogIjEwMDAxIiwgIm5hbWUiOiAiXHU3M2FmXHU3NDAzXHU0ZTJkXHU1ZmMzXHU1OTI5XHU1ODAyXHU2ZDMyXHU5NjQ1XHU1OTI3XHU5OTZkXHU1ZTk3IiwgImhlYWx0aFNjb3JlIjogODIsICJldk9yZGVyIjogIlA5MDkiLCAiYWRkcmVzcyI6ICJcdTU2ZGJcdTVkZGRcdTc3MDFcdTYyMTBcdTkwZmRcdTVlMDJcdTlhZDhcdTY1YjBcdTUzM2FcdTU5MjlcdTVlOWNcdTU5MjdcdTkwNTNcdTUzMTdcdTZiYjUxNzAwXHU1M2Y3In0sIHsiYXR0ZW50aW9uRmxhZyI6IDIsICJldklkIjogIjEwMDAzIiwgIm5hbWUiOiAiXHU3M2FmXHU3NDAzXHU0ZTJkXHU1ZmMzXHU1OTI5XHU1ODAyXHU2ZDMyXHU5NjQ1XHU1OTI3XHU5OTZkXHU1ZTk3IiwgImhlYWx0aFNjb3JlIjogODAsICJldk9yZGVyIjogIlA5MDgiLCAiYWRkcmVzcyI6ICJcdTU2ZGJcdTVkZGRcdTc3MDFcdTYyMTBcdTkwZmRcdTVlMDJcdTlhZDhcdTY1YjBcdTUzM2FcdTU5MjlcdTVlOWNcdTU5MjdcdTkwNTNcdTUzMTdcdTZiYjUxNzAwXHU1M2Y3In0sIHsiYXR0ZW50aW9uRmxhZyI6IDIsICJldklkIjogIjEwMDA3IiwgIm5hbWUiOiAiXHU3M2FmXHU3NDAzXHU0ZTJkXHU1ZmMzXHU1OTI5XHU1ODAyXHU2ZDMyXHU5NjQ1XHU1OTI3XHU5OTZkXHU1ZTk3IiwgImhlYWx0aFNjb3JlIjogODUsICJldk9yZGVyIjogIkVTNDEtMDEiLCAiYWRkcmVzcyI6ICJcdTU2ZGJcdTVkZGRcdTc3MDFcdTYyMTBcdTkwZmRcdTVlMDJcdTlhZDhcdTY1YjBcdTUzM2FcdTU5MjlcdTVlOWNcdTU5MjdcdTkwNTNcdTUzMTdcdTZiYjUxNzAwXHU1M2Y3In0sIHsiYXR0ZW50aW9uRmxhZyI6IDIsICJldklkIjogIjEwMDA5IiwgIm5hbWUiOiAiXHU3M2FmXHU3NDAzXHU0ZTJkXHU1ZmMzXHU1OTI5XHU1ODAyXHU2ZDMyXHU5NjQ1XHU1OTI3XHU5OTZkXHU1ZTk3IiwgImhlYWx0aFNjb3JlIjogODAsICJldk9yZGVyIjogIkVTNDEtMDIiLCAiYWRkcmVzcyI6ICJcdTU2ZGJcdTVkZGRcdTc3MDFcdTYyMTBcdTkwZmRcdTVlMDJcdTlhZDhcdTY1YjBcdTUzM2FcdTU5MjlcdTVlOWNcdTU5MjdcdTkwNTNcdTUzMTdcdTZiYjUxNzAwXHU1M2Y3In0sIHsiYXR0ZW50aW9uRmxhZyI6IDIsICJldklkIjogIjEwMDgxIiwgIm5hbWUiOiAiXHU3M2FmXHU3NDAzXHU0ZTJkXHU1ZmMzXHU1OTI5XHU1ODAyXHU2ZDMyXHU5NjQ1XHU1OTI3XHU5OTZkXHU1ZTk3IiwgImhlYWx0aFNjb3JlIjogODUsICJldk9yZGVyIjogIlM5MDQiLCAiYWRkcmVzcyI6ICJcdTU2ZGJcdTVkZGRcdTc3MDFcdTYyMTBcdTkwZmRcdTVlMDJcdTlhZDhcdTY1YjBcdTUzM2FcdTU5MjlcdTVlOWNcdTU5MjdcdTkwNTNcdTUzMTdcdTZiYjUxNzAwXHU1M2Y3In0sIHsiYXR0ZW50aW9uRmxhZyI6IDIsICJldklkIjogIjEwMDg5IiwgIm5hbWUiOiAiXHU3M2FmXHU3NDAzXHU0ZTJkXHU1ZmMzXHU1OTI5XHU1ODAyXHU2ZDMyXHU5NjQ1XHU1OTI3XHU5OTZkXHU1ZTk3IiwgImhlYWx0aFNjb3JlIjogODMsICJldk9yZGVyIjogIlM3MDUiLCAiYWRkcmVzcyI6ICJcdTU2ZGJcdTVkZGRcdTc3MDFcdTYyMTBcdTkwZmRcdTVlMDJcdTlhZDhcdTY1YjBcdTUzM2FcdTU5MjlcdTVlOWNcdTU5MjdcdTkwNTNcdTUzMTdcdTZiYjUxNzAwXHU1M2Y3In0sIHsiYXR0ZW50aW9uRmxhZyI6IDIsICJldklkIjogIjEwMDkxIiwgIm5hbWUiOiAiXHU3M2FmXHU3NDAzXHU0ZTJkXHU1ZmMzXHU1OTI5XHU1ODAyXHU2ZDMyXHU5NjQ1XHU1OTI3XHU5OTZkXHU1ZTk3IiwgImhlYWx0aFNjb3JlIjogODcsICJldk9yZGVyIjogIlM2MDEiLCAiYWRkcmVzcyI6ICJcdTU2ZGJcdTVkZGRcdTc3MDFcdTYyMTBcdTkwZmRcdTVlMDJcdTlhZDhcdTY1YjBcdTUzM2FcdTU5MjlcdTVlOWNcdTU5MjdcdTkwNTNcdTUzMTdcdTZiYjUxNzAwXHU1M2Y3In0sIHsiYXR0ZW50aW9uRmxhZyI6IDIsICJldklkIjogIjEwMDkzIiwgIm5hbWUiOiAiXHU3M2FmXHU3NDAzXHU0ZTJkXHU1ZmMzXHU1OTI5XHU1ODAyXHU2ZDMyXHU5NjQ1XHU1OTI3XHU5OTZkXHU1ZTk3IiwgImhlYWx0aFNjb3JlIjogODYsICJldk9yZGVyIjogIlM2MDIiLCAiYWRkcmVzcyI6ICJcdTU2ZGJcdTVkZGRcdTc3MDFcdTYyMTBcdTkwZmRcdTVlMDJcdTlhZDhcdTY1YjBcdTUzM2FcdTU5MjlcdTVlOWNcdTU5MjdcdTkwNTNcdTUzMTdcdTZiYjUxNzAwXHU1M2Y3In1dfQ==', 'tokenStr': 'MTc2OF90b2tlbl8xNTQ0MDY0Mzc5MDI0LCwsMTU0NDA2NDM3OTAyNA=='}

--- 测试完成 ---
